Archive member included to satisfy reference by file (symbol)

../Drivers/CMSIS/Lib/GCC\libarm_cortexM4lf_math.a(arm_rfft_fast_init_f32.o)
                              ./Core/Src/main.o (arm_rfft_fast_init_f32)
../Drivers/CMSIS/Lib/GCC\libarm_cortexM4lf_math.a(arm_rfft_fast_f32.o)
                              ./Core/Src/main.o (arm_rfft_fast_f32)
../Drivers/CMSIS/Lib/GCC\libarm_cortexM4lf_math.a(arm_cfft_f32.o)
                              ../Drivers/CMSIS/Lib/GCC\libarm_cortexM4lf_math.a(arm_rfft_fast_f32.o) (arm_cfft_f32)
../Drivers/CMSIS/Lib/GCC\libarm_cortexM4lf_math.a(arm_common_tables.o)
                              ../Drivers/CMSIS/Lib/GCC\libarm_cortexM4lf_math.a(arm_rfft_fast_init_f32.o) (twiddleCoef_rfft_4096)
../Drivers/CMSIS/Lib/GCC\libarm_cortexM4lf_math.a(arm_bitreversal2.o)
                              ../Drivers/CMSIS/Lib/GCC\libarm_cortexM4lf_math.a(arm_cfft_f32.o) (arm_bitreversal_32)
../Drivers/CMSIS/Lib/GCC\libarm_cortexM4lf_math.a(arm_cfft_radix8_f32.o)
                              ../Drivers/CMSIS/Lib/GCC\libarm_cortexM4lf_math.a(arm_cfft_f32.o) (arm_radix8_butterfly_f32)
C:/ST/STM32CubeIDE_1.14.0/STM32CubeIDE/plugins/com.st.stm32cube.ide.mcu.externaltools.gnu-tools-for-stm32.11.3.rel1.win32_1.1.100.202309141235/tools/bin/../lib/gcc/arm-none-eabi/11.3.1/../../../../arm-none-eabi/lib/thumb/v7e-m+fp/hard\libc_nano.a(libc_a-exit.o)
                              C:/ST/STM32CubeIDE_1.14.0/STM32CubeIDE/plugins/com.st.stm32cube.ide.mcu.externaltools.gnu-tools-for-stm32.11.3.rel1.win32_1.1.100.202309141235/tools/bin/../lib/gcc/arm-none-eabi/11.3.1/../../../../arm-none-eabi/lib/thumb/v7e-m+fp/hard/crt0.o (exit)
C:/ST/STM32CubeIDE_1.14.0/STM32CubeIDE/plugins/com.st.stm32cube.ide.mcu.externaltools.gnu-tools-for-stm32.11.3.rel1.win32_1.1.100.202309141235/tools/bin/../lib/gcc/arm-none-eabi/11.3.1/../../../../arm-none-eabi/lib/thumb/v7e-m+fp/hard\libc_nano.a(libc_a-findfp.o)
                              C:/ST/STM32CubeIDE_1.14.0/STM32CubeIDE/plugins/com.st.stm32cube.ide.mcu.externaltools.gnu-tools-for-stm32.11.3.rel1.win32_1.1.100.202309141235/tools/bin/../lib/gcc/arm-none-eabi/11.3.1/../../../../arm-none-eabi/lib/thumb/v7e-m+fp/hard\libc_nano.a(libc_a-exit.o) (__stdio_exit_handler)
C:/ST/STM32CubeIDE_1.14.0/STM32CubeIDE/plugins/com.st.stm32cube.ide.mcu.externaltools.gnu-tools-for-stm32.11.3.rel1.win32_1.1.100.202309141235/tools/bin/../lib/gcc/arm-none-eabi/11.3.1/../../../../arm-none-eabi/lib/thumb/v7e-m+fp/hard\libc_nano.a(libc_a-fwalk.o)
                              C:/ST/STM32CubeIDE_1.14.0/STM32CubeIDE/plugins/com.st.stm32cube.ide.mcu.externaltools.gnu-tools-for-stm32.11.3.rel1.win32_1.1.100.202309141235/tools/bin/../lib/gcc/arm-none-eabi/11.3.1/../../../../arm-none-eabi/lib/thumb/v7e-m+fp/hard\libc_nano.a(libc_a-findfp.o) (_fwalk_sglue)
C:/ST/STM32CubeIDE_1.14.0/STM32CubeIDE/plugins/com.st.stm32cube.ide.mcu.externaltools.gnu-tools-for-stm32.11.3.rel1.win32_1.1.100.202309141235/tools/bin/../lib/gcc/arm-none-eabi/11.3.1/../../../../arm-none-eabi/lib/thumb/v7e-m+fp/hard\libc_nano.a(libc_a-stdio.o)
                              C:/ST/STM32CubeIDE_1.14.0/STM32CubeIDE/plugins/com.st.stm32cube.ide.mcu.externaltools.gnu-tools-for-stm32.11.3.rel1.win32_1.1.100.202309141235/tools/bin/../lib/gcc/arm-none-eabi/11.3.1/../../../../arm-none-eabi/lib/thumb/v7e-m+fp/hard\libc_nano.a(libc_a-findfp.o) (__sread)
C:/ST/STM32CubeIDE_1.14.0/STM32CubeIDE/plugins/com.st.stm32cube.ide.mcu.externaltools.gnu-tools-for-stm32.11.3.rel1.win32_1.1.100.202309141235/tools/bin/../lib/gcc/arm-none-eabi/11.3.1/../../../../arm-none-eabi/lib/thumb/v7e-m+fp/hard\libc_nano.a(libc_a-memset.o)
                              C:/ST/STM32CubeIDE_1.14.0/STM32CubeIDE/plugins/com.st.stm32cube.ide.mcu.externaltools.gnu-tools-for-stm32.11.3.rel1.win32_1.1.100.202309141235/tools/bin/../lib/gcc/arm-none-eabi/11.3.1/../../../../arm-none-eabi/lib/thumb/v7e-m+fp/hard/crt0.o (memset)
C:/ST/STM32CubeIDE_1.14.0/STM32CubeIDE/plugins/com.st.stm32cube.ide.mcu.externaltools.gnu-tools-for-stm32.11.3.rel1.win32_1.1.100.202309141235/tools/bin/../lib/gcc/arm-none-eabi/11.3.1/../../../../arm-none-eabi/lib/thumb/v7e-m+fp/hard\libc_nano.a(libc_a-closer.o)
                              C:/ST/STM32CubeIDE_1.14.0/STM32CubeIDE/plugins/com.st.stm32cube.ide.mcu.externaltools.gnu-tools-for-stm32.11.3.rel1.win32_1.1.100.202309141235/tools/bin/../lib/gcc/arm-none-eabi/11.3.1/../../../../arm-none-eabi/lib/thumb/v7e-m+fp/hard\libc_nano.a(libc_a-stdio.o) (_close_r)
C:/ST/STM32CubeIDE_1.14.0/STM32CubeIDE/plugins/com.st.stm32cube.ide.mcu.externaltools.gnu-tools-for-stm32.11.3.rel1.win32_1.1.100.202309141235/tools/bin/../lib/gcc/arm-none-eabi/11.3.1/../../../../arm-none-eabi/lib/thumb/v7e-m+fp/hard\libc_nano.a(libc_a-reent.o)
[...]
Memory Configuration

Name             Origin             Length             Attributes
RAM              0x0000000020000000 0x0000000000020000 xrw
FLASH            0x0000000008000000 0x0000000000080000 xr
*default*        0x0000000000000000 0xffffffffffffffff

Linker script and memory map

LOAD C:/ST/STM32CubeIDE_1.14.0/STM32CubeIDE/plugins/com.st.stm32cube.ide.mcu.externaltools.gnu-tools-for-stm32.11.3.rel1.win32_1.1.100.202309141235/tools/bin/../lib/gcc/arm-none-eabi/11.3.1/thumb/v7e-m+fp/hard/crti.o
LOAD C:/ST/STM32CubeIDE_1.14.0/STM32CubeIDE/plugins/com.st.stm32cube.ide.mcu.externaltools.gnu-tools-for-stm32.11.3.rel1.win32_1.1.100.202309141235/tools/bin/../lib/gcc/arm-none-eabi/11.3.1/thumb/v7e-m+fp/hard/crtbegin.o
LOAD C:/ST/STM32CubeIDE_1.14.0/STM32CubeIDE/plugins/com.st.stm32cube.ide.mcu.externaltools.gnu-tools-for-stm32.11.3.rel1.win32_1.1.100.202309141235/tools/bin/../lib/gcc/arm-none-eabi/11.3.1/../../../../arm-none-eabi/lib/thumb/v7e-m+fp/hard/crt0.o
LOAD ./Core/Src/main.o
LOAD ./Core/Src/ssd1306.o
LOAD ./Core/Src/ssd1306_fonts.o
LOAD ./Core/Src/stm32f4xx_hal_msp.o
LOAD ./Core/Src/stm32f4xx_it.o
LOAD ./Core/Src/syscalls.o
LOAD ./Core/Src/sysmem.o
LOAD ./Core/Src/system_stm32f4xx.o
LOAD ./Core/Startup/startup_stm32f411retx.o
LOAD ./Drivers/STM32F4xx_HAL_Driver/Src/stm32f4xx_hal.o
LOAD ./Drivers/STM32F4xx_HAL_Driver/Src/stm32f4xx_hal_adc.o
LOAD ./Drivers/STM32F4xx_HAL_Driver/Src/stm32f4xx_hal_adc_ex.o
LOAD ./Drivers/STM32F4xx_HAL_Driver/Src/stm32f4xx_hal_cortex.o
LOAD ./Drivers/STM32F4xx_HAL_Driver/Src/stm32f4xx_hal_dma.o
LOAD ./Drivers/STM32F4xx_HAL_Driver/Src/stm32f4xx_hal_dma_ex.o
LOAD ./Drivers/STM32F4xx_HAL_Driver/Src/stm32f4xx_hal_exti.o
LOAD ./Drivers/STM32F4xx_HAL_Driver/Src/stm32f4xx_hal_flash.o
LOAD ./Drivers/STM32F4xx_HAL_Driver/Src/stm32f4xx_hal_flash_ex.o
LOAD ./Drivers/STM32F4xx_HAL_Driver/Src/stm32f4xx_hal_flash_ramfunc.o
LOAD ./Drivers/STM32F4xx_HAL_Driver/Src/stm32f4xx_hal_gpio.o
LOAD ./Drivers/STM32F4xx_HAL_Driver/Src/stm32f4xx_hal_i2c.o
LOAD ./Drivers/STM32F4xx_HAL_Driver/Src/stm32f4xx_hal_i2c_ex.o
LOAD ./Drivers/STM32F4xx_HAL_Driver/Src/stm32f4xx_hal_pwr.o
LOAD ./Drivers/STM32F4xx_HAL_Driver/Src/stm32f4xx_hal_pwr_ex.o
LOAD ./Drivers/STM32F4xx_HAL_Driver/Src/stm32f4xx_hal_rcc.o
LOAD ./Drivers/STM32F4xx_HAL_Driver/Src/stm32f4xx_hal_rcc_ex.o
LOAD ./Drivers/STM32F4xx_HAL_Driver/Src/stm32f4xx_hal_tim.o
LOAD ./Drivers/STM32F4xx_HAL_Driver/Src/stm32f4xx_hal_tim_ex.o
LOAD ./Drivers/STM32F4xx_HAL_Driver/Src/stm32f4xx_ll_adc.o
LOAD ../Drivers/CMSIS/Lib/GCC\libarm_cortexM4lf_math.a
START GROUP
LOAD C:/ST/STM32CubeIDE_1.14.0/STM32CubeIDE/plugins/com.st.stm32cube.ide.mcu.externaltools.gnu-tools-for-stm32.11.3.rel1.win32_1.1.100.202309141235/tools/bin/../lib/gcc/arm-none-eabi/11.3.1/../../../../arm-none-eabi/lib/thumb/v7e-m+fp/hard\libc_nano.a
LOAD C:/ST/STM32CubeIDE_1.14.0/STM32CubeIDE/plugins/com.st.stm32cube.ide.mcu.externaltools.gnu-tools-for-stm32.11.3.rel1.win32_1.1.100.202309141235/tools/bin/../lib/gcc/arm-none-eabi/11.3.1/../../../../arm-none-eabi/lib/thumb/v7e-m+fp/hard\libm.a
END GROUP
START GROUP
LOAD C:/ST/STM32CubeIDE_1.14.0/STM32CubeIDE/plugins/com.st.stm32cube.ide.mcu.externaltools.gnu-tools-for-stm32.11.3.rel1.win32_1.1.100.202309141235/tools/bin/../lib/gcc/arm-none-eabi/11.3.1/thumb/v7e-m+fp/hard\libgcc.a
LOAD C:/ST/STM32CubeIDE_1.14.0/STM32CubeIDE/plugins/com.st.stm32cube.ide.mcu.externaltools.gnu-tools-for-stm32.11.3.rel1.win32_1.1.100.202309141235/tools/bin/../lib/gcc/arm-none-eabi/11.3.1/../../../../arm-none-eabi/lib/thumb/v7e-m+fp/hard\libc_nano.a
END GROUP
START GROUP
LOAD C:/ST/STM32CubeIDE_1.14.0/STM32CubeIDE/plugins/com.st.stm32cube.ide.mcu.externaltools.gnu-tools-for-stm32.11.3.rel1.win32_1.1.100.202309141235/tools/bin/../lib/gcc/arm-none-eabi/11.3.1/thumb/v7e-m+fp/hard\libgcc.a
LOAD C:/ST/STM32CubeIDE_1.14.0/STM32CubeIDE/plugins/com.st.stm32cube.ide.mcu.externaltools.gnu-tools-for-stm32.11.3.rel1.win32_1.1.100.202309141235/tools/bin/../lib/gcc/arm-none-eabi/11.3.1/../../../../arm-none-eabi/lib/thumb/v7e-m+fp/hard\libc_nano.a
LOAD C:/ST/STM32CubeIDE_1.14.0/STM32CubeIDE/plugins/com.st.stm32cube.ide.mcu.externaltools.gnu-tools-for-stm32.11.3.rel1.win32_1.1.100.202309141235/tools/bin/../lib/gcc/arm-none-eabi/11.3.1/../../../../arm-none-eabi/lib/thumb/v7e-m+fp/hard\libnosys.a
END GROUP
START GROUP
LOAD C:/ST/STM32CubeIDE_1.14.0/STM32CubeIDE/plugins/com.st.stm32cube.ide.mcu.externaltools.gnu-tools-for-stm32.11.3.rel1.win32_1.1.100.202309141235/tools/bin/../lib/gcc/arm-none-eabi/11.3.1/thumb/v7e-m+fp/hard\libgcc.a
LOAD C:/ST/STM32CubeIDE_1.14.0/STM32CubeIDE/plugins/com.st.stm32cube.ide.mcu.externaltools.gnu-tools-for-stm32.11.3.rel1.win32_1.1.100.202309141235/tools/bin/../lib/gcc/arm-none-eabi/11.3.1/../../../../arm-none-eabi/lib/thumb/v7e-m+fp/hard\libc_nano.a
LOAD C:/ST/STM32CubeIDE_1.14.0/STM32CubeIDE/plugins/com.st.stm32cube.ide.mcu.externaltools.gnu-tools-for-stm32.11.3.rel1.win32_1.1.100.202309141235/tools/bin/../lib/gcc/arm-none-eabi/11.3.1/../../../../arm-none-eabi/lib/thumb/v7e-m+fp/hard\libnosys.a
END GROUP
LOAD C:/ST/STM32CubeIDE_1.14.0/STM32CubeIDE/plugins/com.st.stm32cube.ide.mcu.externaltools.gnu-tools-for-stm32.11.3.rel1.win32_1.1.100.202309141235/tools/bin/../lib/gcc/arm-none-eabi/11.3.1/thumb/v7e-m+fp/hard/crtend.o
LOAD C:/ST/STM32CubeIDE_1.14.0/STM32CubeIDE/plugins/com.st.stm32cube.ide.mcu.externaltools.gnu-tools-for-stm32.11.3.rel1.win32_1.1.100.202309141235/tools/bin/../lib/gcc/arm-none-eabi/11.3.1/thumb/v7e-m+fp/hard/crtn.o
                0x0000000020020000                _estack = (ORIGIN (RAM) + LENGTH (RAM))
                0x0000000000000200                _Min_Heap_Size = 0x200
                0x0000000000000400                _Min_Stack_Size = 0x400

.isr_vector     0x0000000008000000      0x198
                0x0000000008000000                . = ALIGN (0x4)
 *(.isr_vector)
 .isr_vector    0x0000000008000000      0x198 ./Core/Startup/startup_stm32f411retx.o
                0x0000000008000000                g_pfnVectors
                0x0000000008000198                . = ALIGN (0x4)

.text           0x0000000008000198     0x5030
                0x0000000008000198                . = ALIGN (0x4)
 *(.text)
 .text          0x0000000008000198       0x40 C:/ST/STM32CubeIDE_1.14.0/STM32CubeIDE/plugins/com.st.stm32cube.ide.mcu.externaltools.gnu-tools-for-stm32.11.3.rel1.win32_1.1.100.202309141235/tools/bin/../lib/gcc/arm-none-eabi/11.3.1/thumb/v7e-m+fp/hard/crtbegin.o
 .text          0x00000000080001d8       0xc0 ../Drivers/CMSIS/Lib/GCC\libarm_cortexM4lf_math.a(arm_bitreversal2.o)
                0x00000000080001d8                arm_bitreversal_32
                0x0000000008000242                arm_bitreversal_16
 .text          0x0000000008000298       0x30 C:/ST/STM32CubeIDE_1.14.0/STM32CubeIDE/plugins/com.st.stm32cube.ide.mcu.externaltools.gnu-tools-for-stm32.11.3.rel1.win32_1.1.100.202309141235/tools/bin/../lib/gcc/arm-none-eabi/11.3.1/thumb/v7e-m+fp/hard\libgcc.a(_aeabi_uldivmod.o)
                0x0000000008000298                __aeabi_uldivmod
 .text          0x00000000080002c8      0x2c8 C:/ST/STM32CubeIDE_1.14.0/STM32CubeIDE/plugins/com.st.stm32cube.ide.mcu.externaltools.gnu-tools-for-stm32.11.3.rel1.win32_1.1.100.202309141235/tools/bin/../lib/gcc/arm-none-eabi/11.3.1/thumb/v7e-m+fp/hard\libgcc.a(_udivmoddi4.o)
                0x00000000080002c8                __udivmoddi4
 .text          0x0000000008000590        0x4 C:/ST/STM32CubeIDE_1.14.0/STM32CubeIDE/plugins/com.st.stm32cube.ide.mcu.externaltools.gnu-tools-for-stm32.11.3.rel1.win32_1.1.100.202309141235/tools/bin/../lib/gcc/arm-none-eabi/11.3.1/thumb/v7e-m+fp/hard\libgcc.a(_dvmd_tls.o)
                0x0000000008000590                __aeabi_idiv0
                0x0000000008000590                __aeabi_ldiv0
 *(.text*)
 .text.HAL_TIM_PeriodElapsedCallback
                0x0000000008000594       0x2c ./Core/Src/main.o
                0x0000000008000594                HAL_TIM_PeriodElapsedCallback
 .text.main     0x00000000080005c0      0x1e0 ./Core/Src/main.o
                0x00000000080005c0                main
 .text.SystemClock_Config
                0x00000000080007a0       0xd0 ./Core/Src/main.o
                0x00000000080007a0                SystemClock_Config
 .text.MX_ADC1_Init
                0x0000000008000870       0xa4 ./Core/Src/main.o
 .text.MX_I2C1_Init
                0x0000000008000914       0x5c ./Core/Src/main.o
 .text.MX_TIM3_Init
                0x0000000008000970       0x98 ./Core/Src/main.o
 .text.MX_DMA_Init
                0x0000000008000a08       0x40 ./Core/Src/main.o
 .text.MX_GPIO_Init
                0x0000000008000a48       0x88 ./Core/Src/main.o
 .text.Error_Handler
                0x0000000008000ad0        0xa ./Core/Src/main.o
                0x0000000008000ad0                Error_Handler
 *fill*         0x0000000008000ada        0x2 
 .text.ssd1306_Reset
                0x0000000008000adc       0x2c ./Core/Src/ssd1306.o
                0x0000000008000adc                ssd1306_Reset
 .text.ssd1306_WriteCommand
                0x0000000008000b08       0x30 ./Core/Src/ssd1306.o
                0x0000000008000b08                ssd1306_WriteCommand
 .text.ssd1306_WriteData
                0x0000000008000b38       0x34 ./Core/Src/ssd1306.o
                0x0000000008000b38                ssd1306_WriteData
 .text.ssd1306_Init
                0x0000000008000b6c       0xd4 ./Core/Src/ssd1306.o
                0x0000000008000b6c                ssd1306_Init
 .text.ssd1306_Fill
                0x0000000008000c40       0x48 ./Core/Src/ssd1306.o
                0x0000000008000c40                ssd1306_Fill
 .text.ssd1306_UpdateScreen
                0x0000000008000c88       0x50 ./Core/Src/ssd1306.o
                0x0000000008000c88                ssd1306_UpdateScreen
 .text.ssd1306_DrawPixel
                0x0000000008000cd8       0xa8 ./Core/Src/ssd1306.o
                0x0000000008000cd8                ssd1306_DrawPixel
 .text.ssd1306_Line
                0x0000000008000d80       0xd8 ./Core/Src/ssd1306.o
                0x0000000008000d80                ssd1306_Line
 .text.ssd1306_SetContrast
                0x0000000008000e58       0x26 ./Core/Src/ssd1306.o
                0x0000000008000e58                ssd1306_SetContrast
 *fill*         0x0000000008000e7e        0x2 
 .text.ssd1306_SetDisplayOn
                0x0000000008000e80       0x3c ./Core/Src/ssd1306.o
                0x0000000008000e80                ssd1306_SetDisplayOn
 .text.HAL_MspInit
                0x0000000008000ebc       0x50 ./Core/Src/stm32f4xx_hal_msp.o
                0x0000000008000ebc                HAL_MspInit
 .text.HAL_ADC_MspInit
                0x0000000008000f0c       0xf0 ./Core/Src/stm32f4xx_hal_msp.o
                0x0000000008000f0c                HAL_ADC_MspInit
 .text.HAL_I2C_MspInit
                0x0000000008000ffc       0x90 ./Core/Src/stm32f4xx_hal_msp.o
                0x0000000008000ffc                HAL_I2C_MspInit
 .text.HAL_TIM_Base_MspInit
                0x000000000800108c       0x50 ./Core/Src/stm32f4xx_hal_msp.o
                0x000000000800108c                HAL_TIM_Base_MspInit
 .text.NMI_Handler
                0x00000000080010dc        0x6 ./Core/Src/stm32f4xx_it.o
                0x00000000080010dc                NMI_Handler
 .text.HardFault_Handler
                0x00000000080010e2        0x6 ./Core/Src/stm32f4xx_it.o
                0x00000000080010e2                HardFault_Handler
 .text.MemManage_Handler
                0x00000000080010e8        0x6 ./Core/Src/stm32f4xx_it.o
                0x00000000080010e8                MemManage_Handler
 .text.BusFault_Handler
                0x00000000080010ee        0x6 ./Core/Src/stm32f4xx_it.o
                0x00000000080010ee                BusFault_Handler
 .text.UsageFault_Handler
                0x00000000080010f4        0x6 ./Core/Src/stm32f4xx_it.o
                0x00000000080010f4                UsageFault_Handler
 .text.SVC_Handler
                0x00000000080010fa        0xe ./Core/Src/stm32f4xx_it.o
                0x00000000080010fa                SVC_Handler
 .text.DebugMon_Handler
                0x0000000008001108        0xe ./Core/Src/stm32f4xx_it.o
                0x0000000008001108                DebugMon_Handler
 .text.PendSV_Handler
                0x0000000008001116        0xe ./Core/Src/stm32f4xx_it.o
                0x0000000008001116                PendSV_Handler
 .text.SysTick_Handler
                0x0000000008001124        0xc ./Core/Src/stm32f4xx_it.o
                0x0000000008001124                SysTick_Handler
 .text.TIM3_IRQHandler
                0x0000000008001130       0x14 ./Core/Src/stm32f4xx_it.o
                0x0000000008001130                TIM3_IRQHandler
 .text.DMA2_Stream0_IRQHandler
                0x0000000008001144       0x14 ./Core/Src/stm32f4xx_it.o
                0x0000000008001144                DMA2_Stream0_IRQHandler
 .text.SystemInit
                0x0000000008001158       0x24 ./Core/Src/system_stm32f4xx.o
                0x0000000008001158                SystemInit
 .text.Reset_Handler
                0x000000000800117c       0x50 ./Core/Startup/startup_stm32f411retx.o
                0x000000000800117c                Reset_Handler
 .text.Default_Handler
                0x00000000080011cc        0x2 ./Core/Startup/startup_stm32f411retx.o
                0x00000000080011cc                RTC_Alarm_IRQHandler
                0x00000000080011cc                EXTI2_IRQHandler
                0x00000000080011cc                SPI4_IRQHandler
                0x00000000080011cc                TIM1_CC_IRQHandler
                0x00000000080011cc                DMA2_Stream5_IRQHandler
                0x00000000080011cc                DMA1_Stream5_IRQHandler
                0x00000000080011cc                PVD_IRQHandler
                0x00000000080011cc                SDIO_IRQHandler
                0x00000000080011cc                TAMP_STAMP_IRQHandler
                0x00000000080011cc                EXTI3_IRQHandler
                0x00000000080011cc                TIM1_UP_TIM10_IRQHandler
                0x00000000080011cc                I2C3_ER_IRQHandler
                0x00000000080011cc                EXTI0_IRQHandler
                0x00000000080011cc                I2C2_EV_IRQHandler
                0x00000000080011cc                DMA1_Stream2_IRQHandler
                0x00000000080011cc                FPU_IRQHandler
                0x00000000080011cc                DMA2_Stream2_IRQHandler
                0x00000000080011cc                SPI1_IRQHandler
                0x00000000080011cc                TIM1_BRK_TIM9_IRQHandler
                0x00000000080011cc                DMA2_Stream3_IRQHandler
                0x00000000080011cc                USART6_IRQHandler
                0x00000000080011cc                TIM4_IRQHandler
                0x00000000080011cc                I2C1_EV_IRQHandler
                0x00000000080011cc                DMA1_Stream6_IRQHandler
                0x00000000080011cc                DMA1_Stream1_IRQHandler
                0x00000000080011cc                RCC_IRQHandler
                0x00000000080011cc                Default_Handler
                0x00000000080011cc                EXTI15_10_IRQHandler
                0x00000000080011cc                ADC_IRQHandler
                0x00000000080011cc                DMA1_Stream7_IRQHandler
                0x00000000080011cc                SPI5_IRQHandler
                0x00000000080011cc                TIM5_IRQHandler
                0x00000000080011cc                DMA2_Stream7_IRQHandler
                0x00000000080011cc                I2C3_EV_IRQHandler
                0x00000000080011cc                EXTI9_5_IRQHandler
                0x00000000080011cc                RTC_WKUP_IRQHandler
                0x00000000080011cc                SPI2_IRQHandler
                0x00000000080011cc                DMA1_Stream0_IRQHandler
                0x00000000080011cc                EXTI4_IRQHandler
                0x00000000080011cc                WWDG_IRQHandler
                0x00000000080011cc                TIM2_IRQHandler
                0x00000000080011cc                OTG_FS_WKUP_IRQHandler
                0x00000000080011cc                TIM1_TRG_COM_TIM11_IRQHandler
                0x00000000080011cc                EXTI1_IRQHandler
                0x00000000080011cc                USART2_IRQHandler
                0x00000000080011cc                I2C2_ER_IRQHandler
                0x00000000080011cc                DMA2_Stream1_IRQHandler
                0x00000000080011cc                FLASH_IRQHandler
                0x00000000080011cc                DMA2_Stream4_IRQHandler
                0x00000000080011cc                USART1_IRQHandler
                0x00000000080011cc                OTG_FS_IRQHandler
                0x00000000080011cc                SPI3_IRQHandler
                0x00000000080011cc                DMA1_Stream4_IRQHandler
                0x00000000080011cc                I2C1_ER_IRQHandler
                0x00000000080011cc                DMA2_Stream6_IRQHandler
                0x00000000080011cc                DMA1_Stream3_IRQHandler
 *fill*         0x00000000080011ce        0x2 
 .text.HAL_Init
                0x00000000080011d0       0x44 ./Drivers/STM32F4xx_HAL_Driver/Src/stm32f4xx_hal.o
                0x00000000080011d0                HAL_Init
 .text.HAL_InitTick
                0x0000000008001214       0x60 ./Drivers/STM32F4xx_HAL_Driver/Src/stm32f4xx_hal.o
                0x0000000008001214                HAL_InitTick
 .text.HAL_IncTick
                0x0000000008001274       0x28 ./Drivers/STM32F4xx_HAL_Driver/Src/stm32f4xx_hal.o
                0x0000000008001274                HAL_IncTick
 .text.HAL_GetTick
                0x000000000800129c       0x18 ./Drivers/STM32F4xx_HAL_Driver/Src/stm32f4xx_hal.o
                0x000000000800129c                HAL_GetTick
 .text.HAL_Delay
                0x00000000080012b4       0x48 ./Drivers/STM32F4xx_HAL_Driver/Src/stm32f4xx_hal.o
                0x00000000080012b4                HAL_Delay
 .text.HAL_ADC_Init
                0x00000000080012fc       0x86 ./Drivers/STM32F4xx_HAL_Driver/Src/stm32f4xx_hal_adc.o
                0x00000000080012fc                HAL_ADC_Init
 *fill*         0x0000000008001382        0x2 
 .text.HAL_ADC_Start_DMA
                0x0000000008001384      0x1e0 ./Drivers/STM32F4xx_HAL_Driver/Src/stm32f4xx_hal_adc.o
                0x0000000008001384                HAL_ADC_Start_DMA
 .text.HAL_ADC_ConvCpltCallback
                0x0000000008001564       0x14 ./Drivers/STM32F4xx_HAL_Driver/Src/stm32f4xx_hal_adc.o
                0x0000000008001564                HAL_ADC_ConvCpltCallback
 .text.HAL_ADC_ConvHalfCpltCallback
                0x0000000008001578       0x14 ./Drivers/STM32F4xx_HAL_Driver/Src/stm32f4xx_hal_adc.o
                0x0000000008001578                HAL_ADC_ConvHalfCpltCallback
 .text.HAL_ADC_ErrorCallback
                0x000000000800158c       0x14 ./Drivers/STM32F4xx_HAL_Driver/Src/stm32f4xx_hal_adc.o
                0x000000000800158c                HAL_ADC_ErrorCallback
 .text.HAL_ADC_ConfigChannel
                0x00000000080015a0      0x264 ./Drivers/STM32F4xx_HAL_Driver/Src/stm32f4xx_hal_adc.o
                0x00000000080015a0                HAL_ADC_ConfigChannel
 .text.ADC_Init
                0x0000000008001804      0x1f8 ./Drivers/STM32F4xx_HAL_Driver/Src/stm32f4xx_hal_adc.o
 .text.ADC_DMAConvCplt
                0x00000000080019fc       0xba ./Drivers/STM32F4xx_HAL_Driver/Src/stm32f4xx_hal_adc.o
 .text.ADC_DMAHalfConvCplt
                0x0000000008001ab6       0x1c ./Drivers/STM32F4xx_HAL_Driver/Src/stm32f4xx_hal_adc.o
 .text.ADC_DMAError
                0x0000000008001ad2       0x2e ./Drivers/STM32F4xx_HAL_Driver/Src/stm32f4xx_hal_adc.o
 .text.__NVIC_SetPriorityGrouping
                0x0000000008001b00       0x48 ./Drivers/STM32F4xx_HAL_Driver/Src/stm32f4xx_hal_cortex.o
 .text.__NVIC_GetPriorityGrouping
                0x0000000008001b48       0x1c ./Drivers/STM32F4xx_HAL_Driver/Src/stm32f4xx_hal_cortex.o
 .text.__NVIC_EnableIRQ
                0x0000000008001b64       0x3c ./Drivers/STM32F4xx_HAL_Driver/Src/stm32f4xx_hal_cortex.o
 .text.__NVIC_SetPriority
                0x0000000008001ba0       0x54 ./Drivers/STM32F4xx_HAL_Driver/Src/stm32f4xx_hal_cortex.o
 .text.NVIC_EncodePriority
                0x0000000008001bf4       0x66 ./Drivers/STM32F4xx_HAL_Driver/Src/stm32f4xx_hal_cortex.o
 *fill*         0x0000000008001c5a        0x2 
 .text.SysTick_Config
                0x0000000008001c5c       0x44 ./Drivers/STM32F4xx_HAL_Driver/Src/stm32f4xx_hal_cortex.o
 .text.HAL_NVIC_SetPriorityGrouping
                0x0000000008001ca0       0x16 ./Drivers/STM32F4xx_HAL_Driver/Src/stm32f4xx_hal_cortex.o
                0x0000000008001ca0                HAL_NVIC_SetPriorityGrouping
 .text.HAL_NVIC_SetPriority
                0x0000000008001cb6       0x38 ./Drivers/STM32F4xx_HAL_Driver/Src/stm32f4xx_hal_cortex.o
                0x0000000008001cb6                HAL_NVIC_SetPriority
 .text.HAL_NVIC_EnableIRQ
                0x0000000008001cee       0x1c ./Drivers/STM32F4xx_HAL_Driver/Src/stm32f4xx_hal_cortex.o
                0x0000000008001cee                HAL_NVIC_EnableIRQ
 .text.HAL_SYSTICK_Config
                0x0000000008001d0a       0x18 ./Drivers/STM32F4xx_HAL_Driver/Src/stm32f4xx_hal_cortex.o
                0x0000000008001d0a                HAL_SYSTICK_Config
 *fill*         0x0000000008001d22        0x2 
 .text.HAL_DMA_Init
                0x0000000008001d24      0x15c ./Drivers/STM32F4xx_HAL_Driver/Src/stm32f4xx_hal_dma.o
                0x0000000008001d24                HAL_DMA_Init
 .text.HAL_DMA_Start_IT
                0x0000000008001e80       0xb0 ./Drivers/STM32F4xx_HAL_Driver/Src/stm32f4xx_hal_dma.o
                0x0000000008001e80                HAL_DMA_Start_IT
 .text.HAL_DMA_IRQHandler
                0x0000000008001f30      0x314 ./Drivers/STM32F4xx_HAL_Driver/Src/stm32f4xx_hal_dma.o
                0x0000000008001f30                HAL_DMA_IRQHandler
 .text.DMA_SetConfig
                0x0000000008002244       0x5c ./Drivers/STM32F4xx_HAL_Driver/Src/stm32f4xx_hal_dma.o
 .text.DMA_CalcBaseAndBitshift
                0x00000000080022a0       0x6c ./Drivers/STM32F4xx_HAL_Driver/Src/stm32f4xx_hal_dma.o
 .text.DMA_CheckFifoParam
                0x000000000800230c       0xf8 ./Drivers/STM32F4xx_HAL_Driver/Src/stm32f4xx_hal_dma.o
 .text.HAL_GPIO_Init
                0x0000000008002404      0x308 ./Drivers/STM32F4xx_HAL_Driver/Src/stm32f4xx_hal_gpio.o
                0x0000000008002404                HAL_GPIO_Init
 .text.HAL_GPIO_WritePin
                0x000000000800270c       0x32 ./Drivers/STM32F4xx_HAL_Driver/Src/stm32f4xx_hal_gpio.o
                0x000000000800270c                HAL_GPIO_WritePin
 *fill*         0x000000000800273e        0x2 
 .text.HAL_I2C_Init
                0x0000000008002740      0x288 ./Drivers/STM32F4xx_HAL_Driver/Src/stm32f4xx_hal_i2c.o
                0x0000000008002740                HAL_I2C_Init
 .text.HAL_I2C_Mem_Write
                0x00000000080029c8      0x1f4 ./Drivers/STM32F4xx_HAL_Driver/Src/stm32f4xx_hal_i2c.o
                0x00000000080029c8                HAL_I2C_Mem_Write
 .text.I2C_RequestMemoryWrite
                0x0000000008002bbc      0x12c ./Drivers/STM32F4xx_HAL_Driver/Src/stm32f4xx_hal_i2c.o
 .text.I2C_WaitOnFlagUntilTimeout
                0x0000000008002ce8       0xf4 ./Drivers/STM32F4xx_HAL_Driver/Src/stm32f4xx_hal_i2c.o
 .text.I2C_WaitOnMasterAddressFlagUntilTimeout
                0x0000000008002ddc      0x140 ./Drivers/STM32F4xx_HAL_Driver/Src/stm32f4xx_hal_i2c.o
 .text.I2C_WaitOnTXEFlagUntilTimeout
                0x0000000008002f1c       0x90 ./Drivers/STM32F4xx_HAL_Driver/Src/stm32f4xx_hal_i2c.o
 .text.I2C_WaitOnBTFFlagUntilTimeout
                0x0000000008002fac       0x90 ./Drivers/STM32F4xx_HAL_Driver/Src/stm32f4xx_hal_i2c.o
 .text.I2C_IsAcknowledgeFailed
                0x000000000800303c       0x5e ./Drivers/STM32F4xx_HAL_Driver/Src/stm32f4xx_hal_i2c.o
 *fill*         0x000000000800309a        0x2 
 .text.HAL_RCC_OscConfig
                0x000000000800309c      0x4f0 ./Drivers/STM32F4xx_HAL_Driver/Src/stm32f4xx_hal_rcc.o
                0x000000000800309c                HAL_RCC_OscConfig
 .text.HAL_RCC_ClockConfig
                0x000000000800358c      0x1cc ./Drivers/STM32F4xx_HAL_Driver/Src/stm32f4xx_hal_rcc.o
                0x000000000800358c                HAL_RCC_ClockConfig
 .text.HAL_RCC_GetSysClockFreq
                0x0000000008003758      0x18c ./Drivers/STM32F4xx_HAL_Driver/Src/stm32f4xx_hal_rcc.o
                0x0000000008003758                HAL_RCC_GetSysClockFreq
 .text.HAL_RCC_GetHCLKFreq
                0x00000000080038e4       0x18 ./Drivers/STM32F4xx_HAL_Driver/Src/stm32f4xx_hal_rcc.o
                0x00000000080038e4                HAL_RCC_GetHCLKFreq
 .text.HAL_RCC_GetPCLK1Freq
                0x00000000080038fc       0x28 ./Drivers/STM32F4xx_HAL_Driver/Src/stm32f4xx_hal_rcc.o
                0x00000000080038fc                HAL_RCC_GetPCLK1Freq
 .text.HAL_TIM_Base_Init
                0x0000000008003924       0x9e ./Drivers/STM32F4xx_HAL_Driver/Src/stm32f4xx_hal_tim.o
                0x0000000008003924                HAL_TIM_Base_Init
 *fill*         0x00000000080039c2        0x2 
 .text.HAL_TIM_Base_Start_IT
                0x00000000080039c4       0xc4 ./Drivers/STM32F4xx_HAL_Driver/Src/stm32f4xx_hal_tim.o
                0x00000000080039c4                HAL_TIM_Base_Start_IT
 .text.HAL_TIM_IRQHandler
                0x0000000008003a88      0x1e0 ./Drivers/STM32F4xx_HAL_Driver/Src/stm32f4xx_hal_tim.o
                0x0000000008003a88                HAL_TIM_IRQHandler
 .text.HAL_TIM_ConfigClockSource
                0x0000000008003c68      0x18e ./Drivers/STM32F4xx_HAL_Driver/Src/stm32f4xx_hal_tim.o
                0x0000000008003c68                HAL_TIM_ConfigClockSource
 .text.HAL_TIM_OC_DelayElapsedCallback
                0x0000000008003df6       0x14 ./Drivers/STM32F4xx_HAL_Driver/Src/stm32f4xx_hal_tim.o
                0x0000000008003df6                HAL_TIM_OC_DelayElapsedCallback
 .text.HAL_TIM_IC_CaptureCallback
                0x0000000008003e0a       0x14 ./Drivers/STM32F4xx_HAL_Driver/Src/stm32f4xx_hal_tim.o
                0x0000000008003e0a                HAL_TIM_IC_CaptureCallback
 .text.HAL_TIM_PWM_PulseFinishedCallback
                0x0000000008003e1e       0x14 ./Drivers/STM32F4xx_HAL_Driver/Src/stm32f4xx_hal_tim.o
                0x0000000008003e1e                HAL_TIM_PWM_PulseFinishedCallback
 .text.HAL_TIM_TriggerCallback
                0x0000000008003e32       0x14 ./Drivers/STM32F4xx_HAL_Driver/Src/stm32f4xx_hal_tim.o
                0x0000000008003e32                HAL_TIM_TriggerCallback
 *fill*         0x0000000008003e46        0x2 
 .text.TIM_Base_SetConfig
                0x0000000008003e48      0x118 ./Drivers/STM32F4xx_HAL_Driver/Src/stm32f4xx_hal_tim.o
                0x0000000008003e48                TIM_Base_SetConfig
 .text.TIM_TI1_ConfigInputStage
                0x0000000008003f60       0x5e ./Drivers/STM32F4xx_HAL_Driver/Src/stm32f4xx_hal_tim.o
 .text.TIM_TI2_ConfigInputStage
                0x0000000008003fbe       0x60 ./Drivers/STM32F4xx_HAL_Driver/Src/stm32f4xx_hal_tim.o
 .text.TIM_ITRx_SetConfig
                0x000000000800401e       0x36 ./Drivers/STM32F4xx_HAL_Driver/Src/stm32f4xx_hal_tim.o
 .text.TIM_ETR_SetConfig
                0x0000000008004054       0x40 ./Drivers/STM32F4xx_HAL_Driver/Src/stm32f4xx_hal_tim.o
                0x0000000008004054                TIM_ETR_SetConfig
 .text.HAL_TIMEx_MasterConfigSynchronization
                0x0000000008004094       0xdc ./Drivers/STM32F4xx_HAL_Driver/Src/stm32f4xx_hal_tim_ex.o
                0x0000000008004094                HAL_TIMEx_MasterConfigSynchronization
 .text.HAL_TIMEx_CommutCallback
                0x0000000008004170       0x14 ./Drivers/STM32F4xx_HAL_Driver/Src/stm32f4xx_hal_tim_ex.o
                0x0000000008004170                HAL_TIMEx_CommutCallback
 .text.HAL_TIMEx_BreakCallback
                0x0000000008004184       0x14 ./Drivers/STM32F4xx_HAL_Driver/Src/stm32f4xx_hal_tim_ex.o
                0x0000000008004184                HAL_TIMEx_BreakCallback
 .text.arm_rfft_fast_init_f32
                0x0000000008004198      0x104 ../Drivers/CMSIS/Lib/GCC\libarm_cortexM4lf_math.a(arm_rfft_fast_init_f32.o)
                0x0000000008004198                arm_rfft_fast_init_f32
 .text.arm_rfft_fast_f32
                0x000000000800429c      0x188 ../Drivers/CMSIS/Lib/GCC\libarm_cortexM4lf_math.a(arm_rfft_fast_f32.o)
                0x000000000800429c                arm_rfft_fast_f32
 .text.arm_cfft_radix8by2_f32
                0x0000000008004424      0x1a0 ../Drivers/CMSIS/Lib/GCC\libarm_cortexM4lf_math.a(arm_cfft_f32.o)
                0x0000000008004424                arm_cfft_radix8by2_f32
 .text.arm_cfft_radix8by4_f32
                0x00000000080045c4      0x4bc ../Drivers/CMSIS/Lib/GCC\libarm_cortexM4lf_math.a(arm_cfft_f32.o)
                0x00000000080045c4                arm_cfft_radix8by4_f32
 .text.arm_cfft_f32
                0x0000000008004a80       0xf4 ../Drivers/CMSIS/Lib/GCC\libarm_cortexM4lf_math.a(arm_cfft_f32.o)
                0x0000000008004a80                arm_cfft_f32
 .text.arm_radix8_butterfly_f32
                0x0000000008004b74      0x5e4 ../Drivers/CMSIS/Lib/GCC\libarm_cortexM4lf_math.a(arm_cfft_radix8_f32.o)
                0x0000000008004b74                arm_radix8_butterfly_f32
 .text.memset   0x0000000008005158       0x10 C:/ST/STM32CubeIDE_1.14.0/STM32CubeIDE/plugins/com.st.stm32cube.ide.mcu.externaltools.gnu-tools-for-stm32.11.3.rel1.win32_1.1.100.202309141235/tools/bin/../lib/gcc/arm-none-eabi/11.3.1/../../../../arm-none-eabi/lib/thumb/v7e-m+fp/hard\libc_nano.a(libc_a-memset.o)
                0x0000000008005158                memset
 .text.__libc_init_array
                0x0000000008005168       0x48 C:/ST/STM32CubeIDE_1.14.0/STM32CubeIDE/plugins/com.st.stm32cube.ide.mcu.externaltools.gnu-tools-for-stm32.11.3.rel1.win32_1.1.100.202309141235/tools/bin/../lib/gcc/arm-none-eabi/11.3.1/../../../../arm-none-eabi/lib/thumb/v7e-m+fp/hard\libc_nano.a(libc_a-init.o)
                0x0000000008005168                __libc_init_array
 *(.glue_7)
 .glue_7        0x00000000080051b0        0x0 linker stubs
 *(.glue_7t)
 .glue_7t       0x00000000080051b0        0x0 linker stubs
 *(.eh_frame)
 .eh_frame      0x00000000080051b0        0x0 C:/ST/STM32CubeIDE_1.14.0/STM32CubeIDE/plugins/com.st.stm32cube.ide.mcu.externaltools.gnu-tools-for-stm32.11.3.rel1.win32_1.1.100.202309141235/tools/bin/../lib/gcc/arm-none-eabi/11.3.1/thumb/v7e-m+fp/hard/crtbegin.o
 *(.init)
 .init          0x00000000080051b0        0x4 C:/ST/STM32CubeIDE_1.14.0/STM32CubeIDE/plugins/com.st.stm32cube.ide.mcu.externaltools.gnu-tools-for-stm32.11.3.rel1.win32_1.1.100.202309141235/tools/bin/../lib/gcc/arm-none-eabi/11.3.1/thumb/v7e-m+fp/hard/crti.o
                0x00000000080051b0                _init
 .init          0x00000000080051b4        0x8 C:/ST/STM32CubeIDE_1.14.0/STM32CubeIDE/plugins/com.st.stm32cube.ide.mcu.externaltools.gnu-tools-for-stm32.11.3.rel1.win32_1.1.100.202309141235/tools/bin/../lib/gcc/arm-none-eabi/11.3.1/thumb/v7e-m+fp/hard/crtn.o
 *(.fini)
 .fini          0x00000000080051bc        0x4 C:/ST/STM32CubeIDE_1.14.0/STM32CubeIDE/plugins/com.st.stm32cube.ide.mcu.externaltools.gnu-tools-for-stm32.11.3.rel1.win32_1.1.100.202309141235/tools/bin/../lib/gcc/arm-none-eabi/11.3.1/thumb/v7e-m+fp/hard/crti.o
                0x00000000080051bc                _fini
 .fini          0x00000000080051c0        0x8 C:/ST/STM32CubeIDE_1.14.0/STM32CubeIDE/plugins/com.st.stm32cube.ide.mcu.externaltools.gnu-tools-for-stm32.11.3.rel1.win32_1.1.100.202309141235/tools/bin/../lib/gcc/arm-none-eabi/11.3.1/thumb/v7e-m+fp/hard/crtn.o
                0x00000000080051c8                . = ALIGN (0x4)
                0x00000000080051c8                _etext = .

.vfp11_veneer   0x00000000080051c8        0x0
 .vfp11_veneer  0x00000000080051c8        0x0 linker stubs

.v4_bx          0x00000000080051c8        0x0
 .v4_bx         0x00000000080051c8        0x0 linker stubs

.iplt           0x00000000080051c8        0x0
 .iplt          0x00000000080051c8        0x0 C:/ST/STM32CubeIDE_1.14.0/STM32CubeIDE/plugins/com.st.stm32cube.ide.mcu.externaltools.gnu-tools-for-stm32.11.3.rel1.win32_1.1.100.202309141235/tools/bin/../lib/gcc/arm-none-eabi/11.3.1/thumb/v7e-m+fp/hard/crtbegin.o

.rodata         0x00000000080051c8    0x13478
                0x00000000080051c8                . = ALIGN (0x4)
 *(.rodata)
 *(.rodata*)
 .rodata.AHBPrescTable
                0x00000000080051c8       0x10 ./Core/Src/system_stm32f4xx.o
                0x00000000080051c8                AHBPrescTable
 .rodata.APBPrescTable
                0x00000000080051d8        0x8 ./Core/Src/system_stm32f4xx.o
                0x00000000080051d8                APBPrescTable
 .rodata.flagBitshiftOffset.0
                0x00000000080051e0        0x8 ./Drivers/STM32F4xx_HAL_Driver/Src/stm32f4xx_hal_dma.o
 .rodata.twiddleCoef_2048
                0x00000000080051e8     0x4000 ../Drivers/CMSIS/Lib/GCC\libarm_cortexM4lf_math.a(arm_common_tables.o)
                0x00000000080051e8                twiddleCoef_2048
 .rodata.twiddleCoef_rfft_64
                0x00000000080091e8      0x100 ../Drivers/CMSIS/Lib/GCC\libarm_cortexM4lf_math.a(arm_common_tables.o)
                0x00000000080091e8                twiddleCoef_rfft_64
 .rodata.armBitRevIndexTable64
                0x00000000080092e8       0x70 ../Drivers/CMSIS/Lib/GCC\libarm_cortexM4lf_math.a(arm_common_tables.o)
                0x00000000080092e8                armBitRevIndexTable64
 .rodata.twiddleCoef_rfft_2048
                0x0000000008009358     0x2000 ../Drivers/CMSIS/Lib/GCC\libarm_cortexM4lf_math.a(arm_common_tables.o)
                0x0000000008009358                twiddleCoef_rfft_2048
 .rodata.twiddleCoef_rfft_4096
                0x000000000800b358     0x4000 ../Drivers/CMSIS/Lib/GCC\libarm_cortexM4lf_math.a(arm_common_tables.o)
                0x000000000800b358                twiddleCoef_rfft_4096
 .rodata.twiddleCoef_256
                0x000000000800f358      0x800 ../Drivers/CMSIS/Lib/GCC\libarm_cortexM4lf_math.a(arm_common_tables.o)
                0x000000000800f358                twiddleCoef_256
 .rodata.twiddleCoef_16
                0x000000000800fb58       0x80 ../Drivers/CMSIS/Lib/GCC\libarm_cortexM4lf_math.a(arm_common_tables.o)
                0x000000000800fb58                twiddleCoef_16
 .rodata.twiddleCoef_1024
                0x000000000800fbd8     0x2000 ../Drivers/CMSIS/Lib/GCC\libarm_cortexM4lf_math.a(arm_common_tables.o)
                0x000000000800fbd8                twiddleCoef_1024
 .rodata.twiddleCoef_32
                0x0000000008011bd8      0x100 ../Drivers/CMSIS/Lib/GCC\libarm_cortexM4lf_math.a(arm_common_tables.o)
                0x0000000008011bd8                twiddleCoef_32
 .rodata.armBitRevIndexTable1024
                0x0000000008011cd8      0xe10 ../Drivers/CMSIS/Lib/GCC\libarm_cortexM4lf_math.a(arm_common_tables.o)
                0x0000000008011cd8                armBitRevIndexTable1024
 .rodata.armBitRevIndexTable16
                0x0000000008012ae8       0x28 ../Drivers/CMSIS/Lib/GCC\libarm_cortexM4lf_math.a(arm_common_tables.o)
                0x0000000008012ae8                armBitRevIndexTable16
 .rodata.twiddleCoef_rfft_32
                0x0000000008012b10       0x80 ../Drivers/CMSIS/Lib/GCC\libarm_cortexM4lf_math.a(arm_common_tables.o)
                0x0000000008012b10                twiddleCoef_rfft_32
 .rodata.armBitRevIndexTable32
                0x0000000008012b90       0x60 ../Drivers/CMSIS/Lib/GCC\libarm_cortexM4lf_math.a(arm_common_tables.o)
                0x0000000008012b90                armBitRevIndexTable32
 .rodata.twiddleCoef_128
                0x0000000008012bf0      0x400 ../Drivers/CMSIS/Lib/GCC\libarm_cortexM4lf_math.a(arm_common_tables.o)
                0x0000000008012bf0                twiddleCoef_128
 .rodata.twiddleCoef_512
                0x0000000008012ff0     0x1000 ../Drivers/CMSIS/Lib/GCC\libarm_cortexM4lf_math.a(arm_common_tables.o)
                0x0000000008012ff0                twiddleCoef_512
 .rodata.armBitRevIndexTable2048
                0x0000000008013ff0     0x1dc0 ../Drivers/CMSIS/Lib/GCC\libarm_cortexM4lf_math.a(arm_common_tables.o)
                0x0000000008013ff0                armBitRevIndexTable2048
 .rodata.twiddleCoef_64
                0x0000000008015db0      0x200 ../Drivers/CMSIS/Lib/GCC\libarm_cortexM4lf_math.a(arm_common_tables.o)
                0x0000000008015db0                twiddleCoef_64
 .rodata.twiddleCoef_rfft_512
                0x0000000008015fb0      0x800 ../Drivers/CMSIS/Lib/GCC\libarm_cortexM4lf_math.a(arm_common_tables.o)
                0x0000000008015fb0                twiddleCoef_rfft_512
 .rodata.armBitRevIndexTable512
                0x00000000080167b0      0x380 ../Drivers/CMSIS/Lib/GCC\libarm_cortexM4lf_math.a(arm_common_tables.o)
                0x00000000080167b0                armBitRevIndexTable512
 .rodata.twiddleCoef_rfft_1024
                0x0000000008016b30     0x1000 ../Drivers/CMSIS/Lib/GCC\libarm_cortexM4lf_math.a(arm_common_tables.o)
                0x0000000008016b30                twiddleCoef_rfft_1024
 .rodata.twiddleCoef_rfft_256
                0x0000000008017b30      0x400 ../Drivers/CMSIS/Lib/GCC\libarm_cortexM4lf_math.a(arm_common_tables.o)
                0x0000000008017b30                twiddleCoef_rfft_256
 .rodata.armBitRevIndexTable256
                0x0000000008017f30      0x370 ../Drivers/CMSIS/Lib/GCC\libarm_cortexM4lf_math.a(arm_common_tables.o)
                0x0000000008017f30                armBitRevIndexTable256
 .rodata.twiddleCoef_rfft_128
                0x00000000080182a0      0x200 ../Drivers/CMSIS/Lib/GCC\libarm_cortexM4lf_math.a(arm_common_tables.o)
                0x00000000080182a0                twiddleCoef_rfft_128
 .rodata.armBitRevIndexTable128
                0x00000000080184a0      0x1a0 ../Drivers/CMSIS/Lib/GCC\libarm_cortexM4lf_math.a(arm_common_tables.o)
                0x00000000080184a0                armBitRevIndexTable128
                0x0000000008018640                . = ALIGN (0x4)

.ARM.extab      0x0000000008018640        0x0
                0x0000000008018640                . = ALIGN (0x4)
 *(.ARM.extab* .gnu.linkonce.armextab.*)
                0x0000000008018640                . = ALIGN (0x4)

.ARM            0x0000000008018640        0x8
                0x0000000008018640                . = ALIGN (0x4)
                0x0000000008018640                __exidx_start = .
 *(.ARM.exidx*)
 .ARM.exidx     0x0000000008018640        0x8 C:/ST/STM32CubeIDE_1.14.0/STM32CubeIDE/plugins/com.st.stm32cube.ide.mcu.externaltools.gnu-tools-for-stm32.11.3.rel1.win32_1.1.100.202309141235/tools/bin/../lib/gcc/arm-none-eabi/11.3.1/thumb/v7e-m+fp/hard\libgcc.a(_udivmoddi4.o)
                0x0000000008018648                __exidx_end = .
                0x0000000008018648                . = ALIGN (0x4)

.rel.dyn        0x0000000008018648        0x0
 .rel.iplt      0x0000000008018648        0x0 C:/ST/STM32CubeIDE_1.14.0/STM32CubeIDE/plugins/com.st.stm32cube.ide.mcu.externaltools.gnu-tools-for-stm32.11.3.rel1.win32_1.1.100.202309141235/tools/bin/../lib/gcc/arm-none-eabi/11.3.1/thumb/v7e-m+fp/hard/crtbegin.o

.preinit_array  0x0000000008018648        0x0
                0x0000000008018648                . = ALIGN (0x4)
                0x0000000008018648                PROVIDE (__preinit_array_start = .)
 *(.preinit_array*)
                0x0000000008018648                PROVIDE (__preinit_array_end = .)
                0x0000000008018648                . = ALIGN (0x4)

.init_array     0x0000000008018648        0x4
                0x0000000008018648                . = ALIGN (0x4)
                0x0000000008018648                PROVIDE (__init_array_start = .)
 *(SORT_BY_NAME(.init_array.*))
 *(.init_array*)
 .init_array    0x0000000008018648        0x4 C:/ST/STM32CubeIDE_1.14.0/STM32CubeIDE/plugins/com.st.stm32cube.ide.mcu.externaltools.gnu-tools-for-stm32.11.3.rel1.win32_1.1.100.202309141235/tools/bin/../lib/gcc/arm-none-eabi/11.3.1/thumb/v7e-m+fp/hard/crtbegin.o
                0x000000000801864c                PROVIDE (__init_array_end = .)
                0x000000000801864c                . = ALIGN (0x4)

.fini_array     0x000000000801864c        0x4
                0x000000000801864c                . = ALIGN (0x4)
                [!provide]                        PROVIDE (__fini_array_start = .)
 *(SORT_BY_NAME(.fini_array.*))
 *(.fini_array*)
 .fini_array    0x000000000801864c        0x4 C:/ST/STM32CubeIDE_1.14.0/STM32CubeIDE/plugins/com.st.stm32cube.ide.mcu.externaltools.gnu-tools-for-stm32.11.3.rel1.win32_1.1.100.202309141235/tools/bin/../lib/gcc/arm-none-eabi/11.3.1/thumb/v7e-m+fp/hard/crtbegin.o
                [!provide]                        PROVIDE (__fini_array_end = .)
                0x0000000008018650                . = ALIGN (0x4)
                0x0000000008018650                _sidata = LOADADDR (.data)

.data           0x0000000020000000       0x10 load address 0x0000000008018650
                0x0000000020000000                . = ALIGN (0x4)
                0x0000000020000000                _sdata = .
 *(.data)
 *(.data*)
 .data.doConvert
                0x0000000020000000        0x4 ./Core/Src/main.o
                0x0000000020000000                doConvert
 .data.SystemCoreClock
                0x0000000020000004        0x4 ./Core/Src/system_stm32f4xx.o
                0x0000000020000004                SystemCoreClock
 .data.uwTickPrio
                0x0000000020000008        0x4 ./Drivers/STM32F4xx_HAL_Driver/Src/stm32f4xx_hal.o
                0x0000000020000008                uwTickPrio
 .data.uwTickFreq
                0x000000002000000c        0x1 ./Drivers/STM32F4xx_HAL_Driver/Src/stm32f4xx_hal.o
                0x000000002000000c                uwTickFreq
 *(.RamFunc)
 *(.RamFunc*)
                0x0000000020000010                . = ALIGN (0x4)
 *fill*         0x000000002000000d        0x3 
                0x0000000020000010                _edata = .

.igot.plt       0x0000000020000010        0x0 load address 0x0000000008018660
 .igot.plt      0x0000000020000010        0x0 C:/ST/STM32CubeIDE_1.14.0/STM32CubeIDE/plugins/com.st.stm32cube.ide.mcu.externaltools.gnu-tools-for-stm32.11.3.rel1.win32_1.1.100.202309141235/tools/bin/../lib/gcc/arm-none-eabi/11.3.1/thumb/v7e-m+fp/hard/crtbegin.o
                0x0000000020000010                . = ALIGN (0x4)

.bss            0x0000000020000010     0x556c load address 0x0000000008018660
                0x0000000020000010                _sbss = .
                0x0000000020000010                __bss_start__ = _sbss
 *(.bss)
 .bss           0x0000000020000010       0x1c C:/ST/STM32CubeIDE_1.14.0/STM32CubeIDE/plugins/com.st.stm32cube.ide.mcu.externaltools.gnu-tools-for-stm32.11.3.rel1.win32_1.1.100.202309141235/tools/bin/../lib/gcc/arm-none-eabi/11.3.1/thumb/v7e-m+fp/hard/crtbegin.o
 *(.bss*)
 .bss.hadc1     0x000000002000002c       0x48 ./Core/Src/main.o
                0x000000002000002c                hadc1
 .bss.hdma_adc1
                0x0000000020000074       0x60 ./Core/Src/main.o
                0x0000000020000074                hdma_adc1
 .bss.hi2c1     0x00000000200000d4       0x54 ./Core/Src/main.o
                0x00000000200000d4                hi2c1
 .bss.htim3     0x0000000020000128       0x48 ./Core/Src/main.o
                0x0000000020000128                htim3
 .bss.adcValue  0x0000000020000170     0x1000 ./Core/Src/main.o
                0x0000000020000170                adcValue
 .bss.input     0x0000000020001170     0x2000 ./Core/Src/main.o
                0x0000000020001170                input
 .bss.output    0x0000000020003170     0x2000 ./Core/Src/main.o
                0x0000000020003170                output
 .bss.SSD1306_Buffer
                0x0000000020005170      0x400 ./Core/Src/ssd1306.o
                0x0000000020005170                SSD1306_Buffer
 .bss.SSD1306   0x0000000020005570        0x6 ./Core/Src/ssd1306.o
 *fill*         0x0000000020005576        0x2 
 .bss.uwTick    0x0000000020005578        0x4 ./Drivers/STM32F4xx_HAL_Driver/Src/stm32f4xx_hal.o
                0x0000000020005578                uwTick
 *(COMMON)
                0x000000002000557c                . = ALIGN (0x4)
                0x000000002000557c                _ebss = .
                0x000000002000557c                __bss_end__ = _ebss

._user_heap_stack
                0x000000002000557c      0x604 load address 0x0000000008018660
                0x0000000020005580                . = ALIGN (0x8)
 *fill*         0x000000002000557c        0x4 
                [!provide]                        PROVIDE (end = .)
                0x0000000020005580                PROVIDE (_end = .)
                0x0000000020005780                . = (. + _Min_Heap_Size)
 *fill*         0x0000000020005580      0x200 
                0x0000000020005b80                . = (. + _Min_Stack_Size)
 *fill*         0x0000000020005780      0x400 
                0x0000000020005b80                . = ALIGN (0x8)

/DISCARD/
 libc.a(*)
 libm.a(*)
 libgcc.a(*)

.ARM.attributes
                0x0000000000000000       0x30
 *(.ARM.attributes)
 .ARM.attributes
                0x0000000000000000       0x1e C:/ST/STM32CubeIDE_1.14.0/STM32CubeIDE/plugins/com.st.stm32cube.ide.mcu.externaltools.gnu-tools-for-stm32.11.3.rel1.win32_1.1.100.202309141235/tools/bin/../lib/gcc/arm-none-eabi/11.3.1/thumb/v7e-m+fp/hard/crti.o
 .ARM.attributes
                0x000000000000001e       0x34 C:/ST/STM32CubeIDE_1.14.0/STM32CubeIDE/plugins/com.st.stm32cube.ide.mcu.externaltools.gnu-tools-for-stm32.11.3.rel1.win32_1.1.100.202309141235/tools/bin/../lib/gcc/arm-none-eabi/11.3.1/thumb/v7e-m+fp/hard/crtbegin.o
 .ARM.attributes
                0x0000000000000052       0x34 ./Core/Src/main.o
 .ARM.attributes
                0x0000000000000086       0x34 ./Core/Src/ssd1306.o
 .ARM.attributes
                0x00000000000000ba       0x34 ./Core/Src/stm32f4xx_hal_msp.o
 .ARM.attributes
                0x00000000000000ee       0x34 ./Core/Src/stm32f4xx_it.o
 .ARM.attributes
                0x0000000000000122       0x34 ./Core/Src/system_stm32f4xx.o
 .ARM.attributes
                0x0000000000000156       0x21 ./Core/Startup/startup_stm32f411retx.o
 .ARM.attributes
                0x0000000000000177       0x34 ./Drivers/STM32F4xx_HAL_Driver/Src/stm32f4xx_hal.o
 .ARM.attributes
                0x00000000000001ab       0x34 ./Drivers/STM32F4xx_HAL_Driver/Src/stm32f4xx_hal_adc.o
 .ARM.attributes
                0x00000000000001df       0x34 ./Drivers/STM32F4xx_HAL_Driver/Src/stm32f4xx_hal_cortex.o
 .ARM.attributes
                0x0000000000000213       0x34 ./Drivers/STM32F4xx_HAL_Driver/Src/stm32f4xx_hal_dma.o
 .ARM.attributes
                0x0000000000000247       0x34 ./Drivers/STM32F4xx_HAL_Driver/Src/stm32f4xx_hal_gpio.o
 .ARM.attributes
                0x000000000000027b       0x34 ./Drivers/STM32F4xx_HAL_Driver/Src/stm32f4xx_hal_i2c.o
 .ARM.attributes
                0x00000000000002af       0x34 ./Drivers/STM32F4xx_HAL_Driver/Src/stm32f4xx_hal_rcc.o
 .ARM.attributes
                0x00000000000002e3       0x34 ./Drivers/STM32F4xx_HAL_Driver/Src/stm32f4xx_hal_tim.o
 .ARM.attributes
                0x0000000000000317       0x34 ./Drivers/STM32F4xx_HAL_Driver/Src/stm32f4xx_hal_tim_ex.o
 .ARM.attributes
                0x000000000000034b       0x39 ../Drivers/CMSIS/Lib/GCC\libarm_cortexM4lf_math.a(arm_rfft_fast_init_f32.o)
 .ARM.attributes
                0x0000000000000384       0x39 ../Drivers/CMSIS/Lib/GCC\libarm_cortexM4lf_math.a(arm_rfft_fast_f32.o)
 .ARM.attributes
                0x00000000000003bd       0x39 ../Drivers/CMSIS/Lib/GCC\libarm_cortexM4lf_math.a(arm_cfft_f32.o)
 .ARM.attributes
                0x00000000000003f6       0x39 ../Drivers/CMSIS/Lib/GCC\libarm_cortexM4lf_math.a(arm_common_tables.o)
 .ARM.attributes
                0x000000000000042f       0x25 ../Drivers/CMSIS/Lib/GCC\libarm_cortexM4lf_math.a(arm_bitreversal2.o)
 .ARM.attributes
                0x0000000000000454       0x39 ../Drivers/CMSIS/Lib/GCC\libarm_cortexM4lf_math.a(arm_cfft_radix8_f32.o)
 .ARM.attributes
                0x000000000000048d       0x34 C:/ST/STM32CubeIDE_1.14.0/STM32CubeIDE/plugins/com.st.stm32cube.ide.mcu.externaltools.gnu-tools-for-stm32.11.3.rel1.win32_1.1.100.202309141235/tools/bin/../lib/gcc/arm-none-eabi/11.3.1/../../../../arm-none-eabi/lib/thumb/v7e-m+fp/hard\libc_nano.a(libc_a-memset.o)
 .ARM.attributes
                0x00000000000004c1       0x34 C:/ST/STM32CubeIDE_1.14.0/STM32CubeIDE/plugins/com.st.stm32cube.ide.mcu.externaltools.gnu-tools-for-stm32.11.3.rel1.win32_1.1.100.202309141235/tools/bin/../lib/gcc/arm-none-eabi/11.3.1/../../../../arm-none-eabi/lib/thumb/v7e-m+fp/hard\libc_nano.a(libc_a-init.o)
 .ARM.attributes
                0x00000000000004f5       0x1e C:/ST/STM32CubeIDE_1.14.0/STM32CubeIDE/plugins/com.st.stm32cube.ide.mcu.externaltools.gnu-tools-for-stm32.11.3.rel1.win32_1.1.100.202309141235/tools/bin/../lib/gcc/arm-none-eabi/11.3.1/thumb/v7e-m+fp/hard\libgcc.a(_aeabi_uldivmod.o)
 .ARM.attributes
                0x0000000000000513       0x34 C:/ST/STM32CubeIDE_1.14.0/STM32CubeIDE/plugins/com.st.stm32cube.ide.mcu.externaltools.gnu-tools-for-stm32.11.3.rel1.win32_1.1.100.202309141235/tools/bin/../lib/gcc/arm-none-eabi/11.3.1/thumb/v7e-m+fp/hard\libgcc.a(_udivmoddi4.o)
 .ARM.attributes
                0x0000000000000547       0x1e C:/ST/STM32CubeIDE_1.14.0/STM32CubeIDE/plugins/com.st.stm32cube.ide.mcu.externaltools.gnu-tools-for-stm32.11.3.rel1.win32_1.1.100.202309141235/tools/bin/../lib/gcc/arm-none-eabi/11.3.1/thumb/v7e-m+fp/hard\libgcc.a(_dvmd_tls.o)
 .ARM.attributes
                0x0000000000000565       0x1e C:/ST/STM32CubeIDE_1.14.0/STM32CubeIDE/plugins/com.st.stm32cube.ide.mcu.externaltools.gnu-tools-for-stm32.11.3.rel1.win32_1.1.100.202309141235/tools/bin/../lib/gcc/arm-none-eabi/11.3.1/thumb/v7e-m+fp/hard/crtn.o
OUTPUT(audioFFT.elf elf32-littlearm)
LOAD linker stubs
LOAD C:/ST/STM32CubeIDE_1.14.0/STM32CubeIDE/plugins/com.st.stm32cube.ide.mcu.externaltools.gnu-tools-for-stm32.11.3.rel1.win32_1.1.100.202309141235/tools/bin/../lib/gcc/arm-none-eabi/11.3.1/../../../../arm-none-eabi/lib/thumb/v7e-m+fp/hard\libc.a
LOAD C:/ST/STM32CubeIDE_1.14.0/STM32CubeIDE/plugins/com.st.stm32cube.ide.mcu.externaltools.gnu-tools-for-stm32.11.3.rel1.win32_1.1.100.202309141235/tools/bin/../lib/gcc/arm-none-eabi/11.3.1/../../../../arm-none-eabi/lib/thumb/v7e-m+fp/hard\libm.a
LOAD C:/ST/STM32CubeIDE_1.14.0/STM32CubeIDE/plugins/com.st.stm32cube.ide.mcu.externaltools.gnu-tools-for-stm32.11.3.rel1.win32_1.1.100.202309141235/tools/bin/../lib/gcc/arm-none-eabi/11.3.1/thumb/v7e-m+fp/hard\libgcc.a

.comment        0x0000000000000000       0xb1
 .comment       0x0000000000000000       0x43 C:/ST/STM32CubeIDE_1.14.0/STM32CubeIDE/plugins/com.st.stm32cube.ide.mcu.externaltools.gnu-tools-for-stm32.11.3.rel1.win32_1.1.100.202309141235/tools/bin/../lib/gcc/arm-none-eabi/11.3.1/thumb/v7e-m+fp/hard/crtbegin.o
                                         0x44 (size before relaxing)
 .comment       0x0000000000000043       0x44 ./Core/Src/main.o
 .comment       0x0000000000000043       0x44 ./Core/Src/ssd1306.o
 .comment       0x0000000000000043       0x44 ./Core/Src/stm32f4xx_hal_msp.o
 .comment       0x0000000000000043       0x44 ./Core/Src/stm32f4xx_it.o
 .comment       0x0000000000000043       0x44 ./Core/Src/system_stm32f4xx.o
 .comment       0x0000000000000043       0x44 ./Drivers/STM32F4xx_HAL_Driver/Src/stm32f4xx_hal.o
 .comment       0x0000000000000043       0x44 ./Drivers/STM32F4xx_HAL_Driver/Src/stm32f4xx_hal_adc.o
 .comment       0x0000000000000043       0x44 ./Drivers/STM32F4xx_HAL_Driver/Src/stm32f4xx_hal_cortex.o
 .comment       0x0000000000000043       0x44 ./Drivers/STM32F4xx_HAL_Driver/Src/stm32f4xx_hal_dma.o
 .comment       0x0000000000000043       0x44 ./Drivers/STM32F4xx_HAL_Driver/Src/stm32f4xx_hal_gpio.o
 .comment       0x0000000000000043       0x44 ./Drivers/STM32F4xx_HAL_Driver/Src/stm32f4xx_hal_i2c.o
 .comment       0x0000000000000043       0x44 ./Drivers/STM32F4xx_HAL_Driver/Src/stm32f4xx_hal_rcc.o
 .comment       0x0000000000000043       0x44 ./Drivers/STM32F4xx_HAL_Driver/Src/stm32f4xx_hal_tim.o
 .comment       0x0000000000000043       0x44 ./Drivers/STM32F4xx_HAL_Driver/Src/stm32f4xx_hal_tim_ex.o
 .comment       0x0000000000000043       0x6e ../Drivers/CMSIS/Lib/GCC\libarm_cortexM4lf_math.a(arm_rfft_fast_init_f32.o)
                                         0x6f (size before relaxing)
 .comment       0x00000000000000b1       0x6f ../Drivers/CMSIS/Lib/GCC\libarm_cortexM4lf_math.a(arm_rfft_fast_f32.o)
 .comment       0x00000000000000b1       0x6f ../Drivers/CMSIS/Lib/GCC\libarm_cortexM4lf_math.a(arm_cfft_f32.o)
 .comment       0x00000000000000b1       0x6f ../Drivers/CMSIS/Lib/GCC\libarm_cortexM4lf_math.a(arm_common_tables.o)
 .comment       0x00000000000000b1       0x6f ../Drivers/CMSIS/Lib/GCC\libarm_cortexM4lf_math.a(arm_cfft_radix8_f32.o)

.debug_info     0x0000000000000000    0x1071e
 .debug_info    0x0000000000000000     0x18f4 ./Core/Src/main.o
 .debug_info    0x00000000000018f4     0x10cb ./Core/Src/ssd1306.o
 .debug_info    0x00000000000029bf     0x1281 ./Core/Src/stm32f4xx_hal_msp.o
 .debug_info    0x0000000000003c40      0x705 ./Core/Src/stm32f4xx_it.o
 .debug_info    0x0000000000004345      0x53e ./Core/Src/system_stm32f4xx.o
 .debug_info    0x0000000000004883       0x23 ./Core/Startup/startup_stm32f411retx.o
 .debug_info    0x00000000000048a6      0x8c4 ./Drivers/STM32F4xx_HAL_Driver/Src/stm32f4xx_hal.o
 .debug_info    0x000000000000516a      0xcd1 ./Drivers/STM32F4xx_HAL_Driver/Src/stm32f4xx_hal_adc.o
 .debug_info    0x0000000000005e3b      0xcc7 ./Drivers/STM32F4xx_HAL_Driver/Src/stm32f4xx_hal_cortex.o
 .debug_info    0x0000000000006b02      0x8e6 ./Drivers/STM32F4xx_HAL_Driver/Src/stm32f4xx_hal_dma.o
 .debug_info    0x00000000000073e8      0x6f9 ./Drivers/STM32F4xx_HAL_Driver/Src/stm32f4xx_hal_gpio.o
 .debug_info    0x0000000000007ae1     0x2426 ./Drivers/STM32F4xx_HAL_Driver/Src/stm32f4xx_hal_i2c.o
 .debug_info    0x0000000000009f07      0x8f2 ./Drivers/STM32F4xx_HAL_Driver/Src/stm32f4xx_hal_rcc.o
 .debug_info    0x000000000000a7f9     0x2996 ./Drivers/STM32F4xx_HAL_Driver/Src/stm32f4xx_hal_tim.o
 .debug_info    0x000000000000d18f     0x14d4 ./Drivers/STM32F4xx_HAL_Driver/Src/stm32f4xx_hal_tim_ex.o
 .debug_info    0x000000000000e663      0x4c7 ../Drivers/CMSIS/Lib/GCC\libarm_cortexM4lf_math.a(arm_rfft_fast_init_f32.o)
 .debug_info    0x000000000000eb2a      0x70d ../Drivers/CMSIS/Lib/GCC\libarm_cortexM4lf_math.a(arm_rfft_fast_f32.o)
 .debug_info    0x000000000000f237      0x685 ../Drivers/CMSIS/Lib/GCC\libarm_cortexM4lf_math.a(arm_cfft_f32.o)
 .debug_info    0x000000000000f8bc      0x9b1 ../Drivers/CMSIS/Lib/GCC\libarm_cortexM4lf_math.a(arm_common_tables.o)
 .debug_info    0x000000000001026d       0x98 ../Drivers/CMSIS/Lib/GCC\libarm_cortexM4lf_math.a(arm_bitreversal2.o)
 .debug_info    0x0000000000010305      0x419 ../Drivers/CMSIS/Lib/GCC\libarm_cortexM4lf_math.a(arm_cfft_radix8_f32.o)

.debug_abbrev   0x0000000000000000     0x26fb
 .debug_abbrev  0x0000000000000000      0x31e ./Core/Src/main.o
 .debug_abbrev  0x000000000000031e      0x380 ./Core/Src/ssd1306.o
 .debug_abbrev  0x000000000000069e      0x241 ./Core/Src/stm32f4xx_hal_msp.o
 .debug_abbrev  0x00000000000008df      0x1a7 ./Core/Src/stm32f4xx_it.o
 .debug_abbrev  0x0000000000000a86      0x11a ./Core/Src/system_stm32f4xx.o
 .debug_abbrev  0x0000000000000ba0       0x12 ./Core/Startup/startup_stm32f411retx.o
 .debug_abbrev  0x0000000000000bb2      0x24b ./Drivers/STM32F4xx_HAL_Driver/Src/stm32f4xx_hal.o
 .debug_abbrev  0x0000000000000dfd      0x20e ./Drivers/STM32F4xx_HAL_Driver/Src/stm32f4xx_hal_adc.o
 .debug_abbrev  0x000000000000100b      0x328 ./Drivers/STM32F4xx_HAL_Driver/Src/stm32f4xx_hal_cortex.o
 .debug_abbrev  0x0000000000001333      0x221 ./Drivers/STM32F4xx_HAL_Driver/Src/stm32f4xx_hal_dma.o
 .debug_abbrev  0x0000000000001554      0x1d3 ./Drivers/STM32F4xx_HAL_Driver/Src/stm32f4xx_hal_gpio.o
 .debug_abbrev  0x0000000000001727      0x2bc ./Drivers/STM32F4xx_HAL_Driver/Src/stm32f4xx_hal_i2c.o
 .debug_abbrev  0x00000000000019e3      0x2b5 ./Drivers/STM32F4xx_HAL_Driver/Src/stm32f4xx_hal_rcc.o
 .debug_abbrev  0x0000000000001c98      0x28b ./Drivers/STM32F4xx_HAL_Driver/Src/stm32f4xx_hal_tim.o
 .debug_abbrev  0x0000000000001f23      0x296 ./Drivers/STM32F4xx_HAL_Driver/Src/stm32f4xx_hal_tim_ex.o
 .debug_abbrev  0x00000000000021b9      0x108 ../Drivers/CMSIS/Lib/GCC\libarm_cortexM4lf_math.a(arm_rfft_fast_init_f32.o)
 .debug_abbrev  0x00000000000022c1      0x177 ../Drivers/CMSIS/Lib/GCC\libarm_cortexM4lf_math.a(arm_rfft_fast_f32.o)
 .debug_abbrev  0x0000000000002438      0x183 ../Drivers/CMSIS/Lib/GCC\libarm_cortexM4lf_math.a(arm_cfft_f32.o)
 .debug_abbrev  0x00000000000025bb       0x84 ../Drivers/CMSIS/Lib/GCC\libarm_cortexM4lf_math.a(arm_common_tables.o)
 .debug_abbrev  0x000000000000263f       0x14 ../Drivers/CMSIS/Lib/GCC\libarm_cortexM4lf_math.a(arm_bitreversal2.o)
 .debug_abbrev  0x0000000000002653       0xa8 ../Drivers/CMSIS/Lib/GCC\libarm_cortexM4lf_math.a(arm_cfft_radix8_f32.o)

.debug_aranges  0x0000000000000000      0xf80
 .debug_aranges
                0x0000000000000000       0x60 ./Core/Src/main.o
 .debug_aranges
                0x0000000000000060       0xf0 ./Core/Src/ssd1306.o
 .debug_aranges
                0x0000000000000150       0x50 ./Core/Src/stm32f4xx_hal_msp.o
 .debug_aranges
                0x00000000000001a0       0x70 ./Core/Src/stm32f4xx_it.o
 .debug_aranges
                0x0000000000000210       0x28 ./Core/Src/system_stm32f4xx.o
 .debug_aranges
                0x0000000000000238       0x28 ./Core/Startup/startup_stm32f411retx.o
 .debug_aranges
                0x0000000000000260       0xf0 ./Drivers/STM32F4xx_HAL_Driver/Src/stm32f4xx_hal.o
 .debug_aranges
                0x0000000000000350       0xe8 ./Drivers/STM32F4xx_HAL_Driver/Src/stm32f4xx_hal_adc.o
 .debug_aranges
                0x0000000000000438      0x120 ./Drivers/STM32F4xx_HAL_Driver/Src/stm32f4xx_hal_cortex.o
 .debug_aranges
                0x0000000000000558       0x90 ./Drivers/STM32F4xx_HAL_Driver/Src/stm32f4xx_hal_dma.o
 .debug_aranges
                0x00000000000005e8       0x58 ./Drivers/STM32F4xx_HAL_Driver/Src/stm32f4xx_hal_gpio.o
 .debug_aranges
                0x0000000000000640      0x2a8 ./Drivers/STM32F4xx_HAL_Driver/Src/stm32f4xx_hal_i2c.o
 .debug_aranges
                0x00000000000008e8       0x88 ./Drivers/STM32F4xx_HAL_Driver/Src/stm32f4xx_hal_rcc.o
 .debug_aranges
                0x0000000000000970      0x3d0 ./Drivers/STM32F4xx_HAL_Driver/Src/stm32f4xx_hal_tim.o
 .debug_aranges
                0x0000000000000d40      0x168 ./Drivers/STM32F4xx_HAL_Driver/Src/stm32f4xx_hal_tim_ex.o
 .debug_aranges
                0x0000000000000ea8       0x20 ../Drivers/CMSIS/Lib/GCC\libarm_cortexM4lf_math.a(arm_rfft_fast_init_f32.o)
 .debug_aranges
                0x0000000000000ec8       0x30 ../Drivers/CMSIS/Lib/GCC\libarm_cortexM4lf_math.a(arm_rfft_fast_f32.o)
 .debug_aranges
                0x0000000000000ef8       0x30 ../Drivers/CMSIS/Lib/GCC\libarm_cortexM4lf_math.a(arm_cfft_f32.o)
 .debug_aranges
                0x0000000000000f28       0x18 ../Drivers/CMSIS/Lib/GCC\libarm_cortexM4lf_math.a(arm_common_tables.o)
 .debug_aranges
                0x0000000000000f40       0x20 ../Drivers/CMSIS/Lib/GCC\libarm_cortexM4lf_math.a(arm_bitreversal2.o)
 .debug_aranges
                0x0000000000000f60       0x20 ../Drivers/CMSIS/Lib/GCC\libarm_cortexM4lf_math.a(arm_cfft_radix8_f32.o)

.debug_rnglists
                0x0000000000000000      0xb81
 .debug_rnglists
                0x0000000000000000       0x48 ./Core/Src/main.o
 .debug_rnglists
                0x0000000000000048       0xb6 ./Core/Src/ssd1306.o
 .debug_rnglists
                0x00000000000000fe       0x39 ./Core/Src/stm32f4xx_hal_msp.o
 .debug_rnglists
                0x0000000000000137       0x4f ./Core/Src/stm32f4xx_it.o
 .debug_rnglists
                0x0000000000000186       0x1a ./Core/Src/system_stm32f4xx.o
 .debug_rnglists
                0x00000000000001a0       0x19 ./Core/Startup/startup_stm32f411retx.o
 .debug_rnglists
                0x00000000000001b9       0xaf ./Drivers/STM32F4xx_HAL_Driver/Src/stm32f4xx_hal.o
 .debug_rnglists
                0x0000000000000268       0xb5 ./Drivers/STM32F4xx_HAL_Driver/Src/stm32f4xx_hal_adc.o
 .debug_rnglists
                0x000000000000031d       0xd4 ./Drivers/STM32F4xx_HAL_Driver/Src/stm32f4xx_hal_cortex.o
 .debug_rnglists
                0x00000000000003f1       0x70 ./Drivers/STM32F4xx_HAL_Driver/Src/stm32f4xx_hal_dma.o
 .debug_rnglists
                0x0000000000000461       0x3f ./Drivers/STM32F4xx_HAL_Driver/Src/stm32f4xx_hal_gpio.o
 .debug_rnglists
                0x00000000000004a0      0x23c ./Drivers/STM32F4xx_HAL_Driver/Src/stm32f4xx_hal_i2c.o
 .debug_rnglists
                0x00000000000006dc       0x66 ./Drivers/STM32F4xx_HAL_Driver/Src/stm32f4xx_hal_rcc.o
 .debug_rnglists
                0x0000000000000742      0x31a ./Drivers/STM32F4xx_HAL_Driver/Src/stm32f4xx_hal_tim.o
 .debug_rnglists
                0x0000000000000a5c      0x125 ./Drivers/STM32F4xx_HAL_Driver/Src/stm32f4xx_hal_tim_ex.o

.debug_macro    0x0000000000000000    0x17dd6
 .debug_macro   0x0000000000000000      0x33b ./Core/Src/main.o
 .debug_macro   0x000000000000033b      0xaae ./Core/Src/main.o
 .debug_macro   0x0000000000000de9      0x2a1 ./Core/Src/main.o
 .debug_macro   0x000000000000108a       0x2e ./Core/Src/main.o
 .debug_macro   0x00000000000010b8       0x28 ./Core/Src/main.o
 .debug_macro   0x00000000000010e0       0x22 ./Core/Src/main.o
 .debug_macro   0x0000000000001102       0x8e ./Core/Src/main.o
 .debug_macro   0x0000000000001190       0x51 ./Core/Src/main.o
 .debug_macro   0x00000000000011e1      0x103 ./Core/Src/main.o
 .debug_macro   0x00000000000012e4       0x6a ./Core/Src/main.o
 .debug_macro   0x000000000000134e      0x1df ./Core/Src/main.o
 .debug_macro   0x000000000000152d       0x1c ./Core/Src/main.o
 .debug_macro   0x0000000000001549       0x22 ./Core/Src/main.o
 .debug_macro   0x000000000000156b       0xfb ./Core/Src/main.o
 .debug_macro   0x0000000000001666     0x1011 ./Core/Src/main.o
 .debug_macro   0x0000000000002677      0x11f ./Core/Src/main.o
 .debug_macro   0x0000000000002796     0xb953 ./Core/Src/main.o
 .debug_macro   0x000000000000e0e9       0x6d ./Core/Src/main.o
 .debug_macro   0x000000000000e156     0x368c ./Core/Src/main.o
 .debug_macro   0x00000000000117e2      0x174 ./Core/Src/main.o
 .debug_macro   0x0000000000011956       0x5c ./Core/Src/main.o
 .debug_macro   0x00000000000119b2      0x45c ./Core/Src/main.o
 .debug_macro   0x0000000000011e0e      0x9e9 ./Core/Src/main.o
 .debug_macro   0x00000000000127f7      0x115 ./Core/Src/main.o
 .debug_macro   0x000000000001290c      0x11b ./Core/Src/main.o
 .debug_macro   0x0000000000012a27       0xa5 ./Core/Src/main.o
 .debug_macro   0x0000000000012acc      0x15f ./Core/Src/main.o
 .debug_macro   0x0000000000012c2b      0x287 ./Core/Src/main.o
 .debug_macro   0x0000000000012eb2       0x5f ./Core/Src/main.o
 .debug_macro   0x0000000000012f11      0x236 ./Core/Src/main.o
 .debug_macro   0x0000000000013147      0x9e1 ./Core/Src/main.o
 .debug_macro   0x0000000000013b28      0x38b ./Core/Src/main.o
 .debug_macro   0x0000000000013eb3      0x17d ./Core/Src/main.o
 .debug_macro   0x0000000000014030       0xf9 ./Core/Src/main.o
 .debug_macro   0x0000000000014129      0x132 ./Core/Src/main.o
 .debug_macro   0x000000000001425b      0x264 ./Core/Src/main.o
 .debug_macro   0x00000000000144bf       0x2e ./Core/Src/main.o
 .debug_macro   0x00000000000144ed      0x1b5 ./Core/Src/main.o
 .debug_macro   0x00000000000146a2       0x22 ./Core/Src/main.o
 .debug_macro   0x00000000000146c4       0xd6 ./Core/Src/main.o
 .debug_macro   0x000000000001479a      0x127 ./Core/Src/main.o
 .debug_macro   0x00000000000148c1       0x85 ./Core/Src/main.o
 .debug_macro   0x0000000000014946       0x89 ./Core/Src/main.o
 .debug_macro   0x00000000000149cf      0x8ed ./Core/Src/main.o
 .debug_macro   0x00000000000152bc       0x47 ./Core/Src/main.o
 .debug_macro   0x0000000000015303      0x126 ./Core/Src/main.o
 .debug_macro   0x0000000000015429       0x10 ./Core/Src/main.o
 .debug_macro   0x0000000000015439       0x12 ./Core/Src/main.o
 .debug_macro   0x000000000001544b       0x12 ./Core/Src/main.o
 .debug_macro   0x000000000001545d       0x61 ./Core/Src/main.o
 .debug_macro   0x00000000000154be       0x2a ./Core/Src/main.o
 .debug_macro   0x00000000000154e8       0x43 ./Core/Src/main.o
 .debug_macro   0x000000000001552b       0x34 ./Core/Src/main.o
 .debug_macro   0x000000000001555f       0x16 ./Core/Src/main.o
 .debug_macro   0x0000000000015575       0x43 ./Core/Src/main.o
 .debug_macro   0x00000000000155b8       0x34 ./Core/Src/main.o
 .debug_macro   0x00000000000155ec       0x10 ./Core/Src/main.o
 .debug_macro   0x00000000000155fc       0x58 ./Core/Src/main.o
 .debug_macro   0x0000000000015654       0x8e ./Core/Src/main.o
 .debug_macro   0x00000000000156e2       0x1c ./Core/Src/main.o
 .debug_macro   0x00000000000156fe      0x177 ./Core/Src/main.o
 .debug_macro   0x0000000000015875      0x369 ./Core/Src/main.o
 .debug_macro   0x0000000000015bde       0x10 ./Core/Src/main.o
 .debug_macro   0x0000000000015bee       0x35 ./Core/Src/main.o
 .debug_macro   0x0000000000015c23       0x20 ./Core/Src/main.o
 .debug_macro   0x0000000000015c43      0x19b ./Core/Src/main.o
 .debug_macro   0x0000000000015dde       0xd6 ./Core/Src/main.o
 .debug_macro   0x0000000000015eb4       0x3a ./Core/Src/main.o
 .debug_macro   0x0000000000015eee       0x40 ./Core/Src/main.o
 .debug_macro   0x0000000000015f2e      0x375 ./Core/Src/ssd1306.o
 .debug_macro   0x00000000000162a3       0x5b ./Core/Src/ssd1306.o
 .debug_macro   0x00000000000162fe       0x94 ./Core/Src/ssd1306.o
 .debug_macro   0x0000000000016392       0x28 ./Core/Src/ssd1306.o
 .debug_macro   0x00000000000163ba       0x57 ./Core/Src/ssd1306.o
 .debug_macro   0x0000000000016411       0x16 ./Core/Src/ssd1306.o
 .debug_macro   0x0000000000016427       0x16 ./Core/Src/ssd1306.o
 .debug_macro   0x000000000001643d       0x29 ./Core/Src/ssd1306.o
 .debug_macro   0x0000000000016466       0x16 ./Core/Src/ssd1306.o
 .debug_macro   0x000000000001647c       0x16 ./Core/Src/ssd1306.o
 .debug_macro   0x0000000000016492      0x214 ./Core/Src/stm32f4xx_hal_msp.o
 .debug_macro   0x00000000000166a6      0x21e ./Core/Src/stm32f4xx_it.o
 .debug_macro   0x00000000000168c4      0x205 ./Core/Src/system_stm32f4xx.o
 .debug_macro   0x0000000000016ac9      0x265 ./Drivers/STM32F4xx_HAL_Driver/Src/stm32f4xx_hal.o
 .debug_macro   0x0000000000016d2e      0x206 ./Drivers/STM32F4xx_HAL_Driver/Src/stm32f4xx_hal_adc.o
 .debug_macro   0x0000000000016f34      0x205 ./Drivers/STM32F4xx_HAL_Driver/Src/stm32f4xx_hal_cortex.o
 .debug_macro   0x0000000000017139      0x20b ./Drivers/STM32F4xx_HAL_Driver/Src/stm32f4xx_hal_dma.o
 .debug_macro   0x0000000000017344      0x20b ./Drivers/STM32F4xx_HAL_Driver/Src/stm32f4xx_hal_gpio.o
 .debug_macro   0x000000000001754f      0x253 ./Drivers/STM32F4xx_HAL_Driver/Src/stm32f4xx_hal_i2c.o
 .debug_macro   0x00000000000177a2      0x229 ./Drivers/STM32F4xx_HAL_Driver/Src/stm32f4xx_hal_rcc.o
 .debug_macro   0x00000000000179cb      0x206 ./Drivers/STM32F4xx_HAL_Driver/Src/stm32f4xx_hal_tim.o
 .debug_macro   0x0000000000017bd1      0x205 ./Drivers/STM32F4xx_HAL_Driver/Src/stm32f4xx_hal_tim_ex.o

.debug_line     0x0000000000000000    0x1291d
 .debug_line    0x0000000000000000      0xc0a ./Core/Src/main.o
 .debug_line    0x0000000000000c0a      0xfe7 ./Core/Src/ssd1306.o
 .debug_line    0x0000000000001bf1      0x8a6 ./Core/Src/stm32f4xx_hal_msp.o
 .debug_line    0x0000000000002497      0x8a1 ./Core/Src/stm32f4xx_it.o
 .debug_line    0x0000000000002d38      0x830 ./Core/Src/system_stm32f4xx.o
 .debug_line    0x0000000000003568       0x7a ./Core/Startup/startup_stm32f411retx.o
 .debug_line    0x00000000000035e2      0xa96 ./Drivers/STM32F4xx_HAL_Driver/Src/stm32f4xx_hal.o
 .debug_line    0x0000000000004078     0x1250 ./Drivers/STM32F4xx_HAL_Driver/Src/stm32f4xx_hal_adc.o
 .debug_line    0x00000000000052c8      0xd62 ./Drivers/STM32F4xx_HAL_Driver/Src/stm32f4xx_hal_cortex.o
 .debug_line    0x000000000000602a      0xffa ./Drivers/STM32F4xx_HAL_Driver/Src/stm32f4xx_hal_dma.o
 .debug_line    0x0000000000007024      0xbce ./Drivers/STM32F4xx_HAL_Driver/Src/stm32f4xx_hal_gpio.o
 .debug_line    0x0000000000007bf2     0x3af8 ./Drivers/STM32F4xx_HAL_Driver/Src/stm32f4xx_hal_i2c.o
 .debug_line    0x000000000000b6ea      0xe0d ./Drivers/STM32F4xx_HAL_Driver/Src/stm32f4xx_hal_rcc.o
 .debug_line    0x000000000000c4f7     0x35fc ./Drivers/STM32F4xx_HAL_Driver/Src/stm32f4xx_hal_tim.o
 .debug_line    0x000000000000faf3     0x1a2d ./Drivers/STM32F4xx_HAL_Driver/Src/stm32f4xx_hal_tim_ex.o
 .debug_line    0x0000000000011520      0x1b5 ../Drivers/CMSIS/Lib/GCC\libarm_cortexM4lf_math.a(arm_rfft_fast_init_f32.o)
 .debug_line    0x00000000000116d5      0x2b2 ../Drivers/CMSIS/Lib/GCC\libarm_cortexM4lf_math.a(arm_rfft_fast_f32.o)
 .debug_line    0x0000000000011987      0x73e ../Drivers/CMSIS/Lib/GCC\libarm_cortexM4lf_math.a(arm_cfft_f32.o)
 .debug_line    0x00000000000120c5      0x135 ../Drivers/CMSIS/Lib/GCC\libarm_cortexM4lf_math.a(arm_common_tables.o)
 .debug_line    0x00000000000121fa       0xa2 ../Drivers/CMSIS/Lib/GCC\libarm_cortexM4lf_math.a(arm_bitreversal2.o)
 .debug_line    0x000000000001229c      0x681 ../Drivers/CMSIS/Lib/GCC\libarm_cortexM4lf_math.a(arm_cfft_radix8_f32.o)

.debug_str      0x0000000000000000    0x9b441
 .debug_str     0x0000000000000000    0x97407 ./Core/Src/main.o
                                      0x977ec (size before relaxing)
 .debug_str     0x0000000000097407      0x5ce ./Core/Src/ssd1306.o
                                      0x969b7 (size before relaxing)
 .debug_str     0x00000000000979d5       0xf0 ./Core/Src/stm32f4xx_hal_msp.o
                                      0x93236 (size before relaxing)
 .debug_str     0x0000000000097ac5      0x117 ./Core/Src/stm32f4xx_it.o
                                      0x9289a (size before relaxing)
 .debug_str     0x0000000000097bdc       0xdb ./Core/Src/system_stm32f4xx.o
                                      0x92410 (size before relaxing)
 .debug_str     0x0000000000097cb7       0x34 ./Core/Startup/startup_stm32f411retx.o
                                         0x53 (size before relaxing)
 .debug_str     0x0000000000097ceb      0x60d ./Drivers/STM32F4xx_HAL_Driver/Src/stm32f4xx_hal.o
                                      0x92e3c (size before relaxing)
 .debug_str     0x00000000000982f8      0x2b9 ./Drivers/STM32F4xx_HAL_Driver/Src/stm32f4xx_hal_adc.o
                                      0x929eb (size before relaxing)
 .debug_str     0x00000000000985b1      0x329 ./Drivers/STM32F4xx_HAL_Driver/Src/stm32f4xx_hal_cortex.o
                                      0x92b74 (size before relaxing)
 .debug_str     0x00000000000988da      0x2cf ./Drivers/STM32F4xx_HAL_Driver/Src/stm32f4xx_hal_dma.o
                                      0x92818 (size before relaxing)
 .debug_str     0x0000000000098ba9      0x121 ./Drivers/STM32F4xx_HAL_Driver/Src/stm32f4xx_hal_gpio.o
                                      0x9258b (size before relaxing)
 .debug_str     0x0000000000098cca      0xaec ./Drivers/STM32F4xx_HAL_Driver/Src/stm32f4xx_hal_i2c.o
                                      0x93421 (size before relaxing)
 .debug_str     0x00000000000997b6      0x213 ./Drivers/STM32F4xx_HAL_Driver/Src/stm32f4xx_hal_rcc.o
                                      0x92844 (size before relaxing)
 .debug_str     0x00000000000999c9      0xda5 ./Drivers/STM32F4xx_HAL_Driver/Src/stm32f4xx_hal_tim.o
                                      0x93788 (size before relaxing)
 .debug_str     0x000000000009a76e      0x493 ./Drivers/STM32F4xx_HAL_Driver/Src/stm32f4xx_hal_tim_ex.o
                                      0x92f94 (size before relaxing)
 .debug_str     0x000000000009ac01      0x33b ../Drivers/CMSIS/Lib/GCC\libarm_cortexM4lf_math.a(arm_rfft_fast_init_f32.o)
                                        0x52a (size before relaxing)
 .debug_str     0x000000000009af3c       0x74 ../Drivers/CMSIS/Lib/GCC\libarm_cortexM4lf_math.a(arm_rfft_fast_f32.o)
                                        0x307 (size before relaxing)
 .debug_str     0x000000000009afb0      0x113 ../Drivers/CMSIS/Lib/GCC\libarm_cortexM4lf_math.a(arm_cfft_f32.o)
                                        0x372 (size before relaxing)
 .debug_str     0x000000000009b0c3      0x331 ../Drivers/CMSIS/Lib/GCC\libarm_cortexM4lf_math.a(arm_common_tables.o)
                                        0x717 (size before relaxing)
 .debug_str     0x000000000009b3f4       0x4d ../Drivers/CMSIS/Lib/GCC\libarm_cortexM4lf_math.a(arm_cfft_radix8_f32.o)
                                        0x269 (size before relaxing)

.debug_frame    0x0000000000000000     0x40e0
 .debug_frame   0x0000000000000000      0x140 ./Core/Src/main.o
 .debug_frame   0x0000000000000140      0x3ec ./Core/Src/ssd1306.o
 .debug_frame   0x000000000000052c      0x110 ./Core/Src/stm32f4xx_hal_msp.o
 .debug_frame   0x000000000000063c      0x13c ./Core/Src/stm32f4xx_it.o
 .debug_frame   0x0000000000000778       0x58 ./Core/Src/system_stm32f4xx.o
 .debug_frame   0x00000000000007d0      0x374 ./Drivers/STM32F4xx_HAL_Driver/Src/stm32f4xx_hal.o
 .debug_frame   0x0000000000000b44      0x3fc ./Drivers/STM32F4xx_HAL_Driver/Src/stm32f4xx_hal_adc.o
 .debug_frame   0x0000000000000f40      0x4b8 ./Drivers/STM32F4xx_HAL_Driver/Src/stm32f4xx_hal_cortex.o
 .debug_frame   0x00000000000013f8      0x250 ./Drivers/STM32F4xx_HAL_Driver/Src/stm32f4xx_hal_dma.o
 .debug_frame   0x0000000000001648      0x14c ./Drivers/STM32F4xx_HAL_Driver/Src/stm32f4xx_hal_gpio.o
 .debug_frame   0x0000000000001794      0xc84 ./Drivers/STM32F4xx_HAL_Driver/Src/stm32f4xx_hal_i2c.o
 .debug_frame   0x0000000000002418      0x1f4 ./Drivers/STM32F4xx_HAL_Driver/Src/stm32f4xx_hal_rcc.o
 .debug_frame   0x000000000000260c     0x11b8 ./Drivers/STM32F4xx_HAL_Driver/Src/stm32f4xx_hal_tim.o
 .debug_frame   0x00000000000037c4      0x638 ./Drivers/STM32F4xx_HAL_Driver/Src/stm32f4xx_hal_tim_ex.o
 .debug_frame   0x0000000000003dfc       0x34 ../Drivers/CMSIS/Lib/GCC\libarm_cortexM4lf_math.a(arm_rfft_fast_init_f32.o)
 .debug_frame   0x0000000000003e30       0x74 ../Drivers/CMSIS/Lib/GCC\libarm_cortexM4lf_math.a(arm_rfft_fast_f32.o)
 .debug_frame   0x0000000000003ea4       0xfc ../Drivers/CMSIS/Lib/GCC\libarm_cortexM4lf_math.a(arm_cfft_f32.o)
 .debug_frame   0x0000000000003fa0       0x94 ../Drivers/CMSIS/Lib/GCC\libarm_cortexM4lf_math.a(arm_cfft_radix8_f32.o)
 .debug_frame   0x0000000000004034       0x20 C:/ST/STM32CubeIDE_1.14.0/STM32CubeIDE/plugins/com.st.stm32cube.ide.mcu.externaltools.gnu-tools-for-stm32.11.3.rel1.win32_1.1.100.202309141235/tools/bin/../lib/gcc/arm-none-eabi/11.3.1/../../../../arm-none-eabi/lib/thumb/v7e-m+fp/hard\libc_nano.a(libc_a-memset.o)
 .debug_frame   0x0000000000004054       0x2c C:/ST/STM32CubeIDE_1.14.0/STM32CubeIDE/plugins/com.st.stm32cube.ide.mcu.externaltools.gnu-tools-for-stm32.11.3.rel1.win32_1.1.100.202309141235/tools/bin/../lib/gcc/arm-none-eabi/11.3.1/../../../../arm-none-eabi/lib/thumb/v7e-m+fp/hard\libc_nano.a(libc_a-init.o)
 .debug_frame   0x0000000000004080       0x2c C:/ST/STM32CubeIDE_1.14.0/STM32CubeIDE/plugins/com.st.stm32cube.ide.mcu.externaltools.gnu-tools-for-stm32.11.3.rel1.win32_1.1.100.202309141235/tools/bin/../lib/gcc/arm-none-eabi/11.3.1/thumb/v7e-m+fp/hard\libgcc.a(_aeabi_uldivmod.o)
 .debug_frame   0x00000000000040ac       0x34 C:/ST/STM32CubeIDE_1.14.0/STM32CubeIDE/plugins/com.st.stm32cube.ide.mcu.externaltools.gnu-tools-for-stm32.11.3.rel1.win32_1.1.100.202309141235/tools/bin/../lib/gcc/arm-none-eabi/11.3.1/thumb/v7e-m+fp/hard\libgcc.a(_udivmoddi4.o)

.debug_line_str
                0x0000000000000000       0x47
 .debug_line_str
                0x0000000000000000       0x47 ./Core/Startup/startup_stm32f411retx.o
                                         0x5f (size before relaxing)

.debug_loc      0x0000000000000000     0x2a9c
 .debug_loc     0x0000000000000000      0x1eb ../Drivers/CMSIS/Lib/GCC\libarm_cortexM4lf_math.a(arm_rfft_fast_init_f32.o)
 .debug_loc     0x00000000000001eb      0xfa9 ../Drivers/CMSIS/Lib/GCC\libarm_cortexM4lf_math.a(arm_rfft_fast_f32.o)
 .debug_loc     0x0000000000001194     0x1067 ../Drivers/CMSIS/Lib/GCC\libarm_cortexM4lf_math.a(arm_cfft_f32.o)
 .debug_loc     0x00000000000021fb      0x8a1 ../Drivers/CMSIS/Lib/GCC\libarm_cortexM4lf_math.a(arm_cfft_radix8_f32.o)

.debug_ranges   0x0000000000000000       0x60
 .debug_ranges  0x0000000000000000       0x10 ../Drivers/CMSIS/Lib/GCC\libarm_cortexM4lf_math.a(arm_rfft_fast_init_f32.o)
 .debug_ranges  0x0000000000000010       0x20 ../Drivers/CMSIS/Lib/GCC\libarm_cortexM4lf_math.a(arm_rfft_fast_f32.o)
 .debug_ranges  0x0000000000000030       0x20 ../Drivers/CMSIS/Lib/GCC\libarm_cortexM4lf_math.a(arm_cfft_f32.o)
 .debug_ranges  0x0000000000000050       0x10 ../Drivers/CMSIS/Lib/GCC\libarm_cortexM4lf_math.a(arm_cfft_radix8_f32.o)
